Archive member included because of file (symbol)

../../cm510_controller_fw/controllers/lib/libcontrollers.a(cm510.o)
                              /usr/lib/gcc/avr/4.8.2/../../../avr/lib/avr6/crtm2561.o (main)
../../cm510_controller_fw/controllers/lib/libcontrollers.a(gpio.o)
                              ../../cm510_controller_fw/controllers/lib/libcontrollers.a(cm510.o) (pushbuttons_loop)
../../cm510_controller_fw/controllers/lib/libcontrollers.a(adc.o)
                              ../../cm510_controller_fw/controllers/lib/libcontrollers.a(cm510.o) (adc_loop)
../../cm510_controller_fw/controllers/lib/libcontrollers.a(buzzer.o)
                              ../../cm510_controller_fw/controllers/lib/libcontrollers.a(cm510.o) (buzzer_loop)
../../cm510_controller_fw/controllers/lib/libcontrollers.a(user_time.o)
                              ../../cm510_controller_fw/controllers/lib/libcontrollers.a(cm510.o) (user_time_loop)
../../cm510_controller_fw/motion/lib/libmotion_manager.a(motion_manager.o)
                              ../../cm510_controller_fw/controllers/lib/libcontrollers.a(cm510.o) (manager_loop)
../../cm510_controller_fw/motion/lib/libmotion_manager.a(action.o)
                              ../../cm510_controller_fw/motion/lib/libmotion_manager.a(motion_manager.o) (action_init)
../../cm510_controller_fw/motion/lib/libmotion_manager.a(motion_pages.o)
                              ../../cm510_controller_fw/motion/lib/libmotion_manager.a(action.o) (load_page_info)
../../cm510_controller_fw/motion/lib/libmotion_manager.a(balance.o)
                              ../../cm510_controller_fw/motion/lib/libmotion_manager.a(motion_manager.o) (balance_loop)
../../cm510_controller_fw/motion/lib/libmotion_manager.a(mtn_library.o)
                              vision_cm510.o (mtn_lib_init)
../../cm510_controller_fw/motion/lib/libmotion_manager.a(pan_tilt.o)
                              ../../cm510_controller_fw/motion/lib/libmotion_manager.a(motion_manager.o) (pan_tilt_process)
../../cm510_controller_fw/dyn_devices/lib/libdyn_devices.a(dyn_servos.o)
                              ../../cm510_controller_fw/motion/lib/libmotion_manager.a(motion_manager.o) (get_angle_limits)
../../cm510_controller_fw/dyn_devices/lib/libdyn_devices.a(exp_board.o)
                              ../../cm510_controller_fw/motion/lib/libmotion_manager.a(motion_manager.o) (exp_board_loop_start)
../../cm510_controller_fw/dyn_devices/lib/libdyn_devices.a(dyn_common.o)
                              ../../cm510_controller_fw/motion/lib/libmotion_manager.a(motion_manager.o) (get_model_number)
../../cm510_controller_fw/communications/lib/libcomm.a(dynamixel_master.o)
                              ../../cm510_controller_fw/controllers/lib/libcontrollers.a(cm510.o) (dyn_master_init)
../../cm510_controller_fw/communications/lib/libcomm.a(serial_console.o)
                              vision_cm510.o (serial_console_init)
../../cm510_controller_fw/communications/lib/libcomm.a(memory.o)
                              ../../cm510_controller_fw/controllers/lib/libcontrollers.a(cm510.o) (ram_init)
../../cm510_controller_fw/communications/lib/libcomm.a(dynamixel.o)
                              ../../cm510_controller_fw/communications/lib/libcomm.a(dynamixel_master.o) (dyn_check_checksum)
/usr/lib/gcc/avr/4.8.2/avr6/libgcc.a(_umulhisi3.o)
                              ../../cm510_controller_fw/controllers/lib/libcontrollers.a(user_time.o) (__umulhisi3)
/usr/lib/gcc/avr/4.8.2/avr6/libgcc.a(_usmulhisi3.o)
                              ../../cm510_controller_fw/motion/lib/libmotion_manager.a(action.o) (__usmulhisi3)
/usr/lib/gcc/avr/4.8.2/avr6/libgcc.a(_muluhisi3.o)
                              ../../cm510_controller_fw/motion/lib/libmotion_manager.a(action.o) (__muluhisi3)
/usr/lib/gcc/avr/4.8.2/avr6/libgcc.a(_divmodhi4.o)
                              vision_cm510.o (__divmodhi4)
/usr/lib/gcc/avr/4.8.2/avr6/libgcc.a(_udivmodsi4.o)
                              ../../cm510_controller_fw/controllers/lib/libcontrollers.a(adc.o) (__udivmodsi4)
/usr/lib/gcc/avr/4.8.2/avr6/libgcc.a(_divmodsi4.o)
                              ../../cm510_controller_fw/motion/lib/libmotion_manager.a(action.o) (__divmodsi4)
/usr/lib/gcc/avr/4.8.2/avr6/libgcc.a(_divdi3.o)
                              ../../cm510_controller_fw/motion/lib/libmotion_manager.a(action.o) (__divdi3)
/usr/lib/gcc/avr/4.8.2/avr6/libgcc.a(_udivdi3.o)
                              /usr/lib/gcc/avr/4.8.2/avr6/libgcc.a(_divdi3.o) (__udivdi3_umoddi3)
/usr/lib/gcc/avr/4.8.2/avr6/libgcc.a(_muldi3.o)
                              ../../cm510_controller_fw/motion/lib/libmotion_manager.a(action.o) (__muldi3)
/usr/lib/gcc/avr/4.8.2/avr6/libgcc.a(_muldi3_6.o)
                              /usr/lib/gcc/avr/4.8.2/avr6/libgcc.a(_muldi3.o) (__muldi3_6)
/usr/lib/gcc/avr/4.8.2/avr6/libgcc.a(_udivmod64.o)
                              /usr/lib/gcc/avr/4.8.2/avr6/libgcc.a(_divdi3.o) (__udivmod64)
[...]
Memory Configuration

Name             Origin             Length             Attributes
text             0x00000000         0x00100000         xr
data             0x00800200         0x0000fe00         rw !x
eeprom           0x00810000         0x00010000         rw !x
fuse             0x00820000         0x00000400         rw !x
lock             0x00830000         0x00000400         rw !x
signature        0x00840000         0x00000400         rw !x
user_signatures  0x00850000         0x00000400         rw !x
*default*        0x00000000         0xffffffff

Linker script and memory map

Address of section .data set to 0x800200
LOAD /usr/lib/gcc/avr/4.8.2/../../../avr/lib/avr6/crtm2561.o
LOAD vision_cm510.o
LOAD ../../cm510_controller_fw/controllers/lib/libcontrollers.a
LOAD ../../cm510_controller_fw/motion/lib/libmotion_manager.a
LOAD ../../cm510_controller_fw/dyn_devices/lib/libdyn_devices.a
LOAD ../../cm510_controller_fw/communications/lib/libcomm.a
START GROUP
LOAD /usr/lib/gcc/avr/4.8.2/avr6/libgcc.a
LOAD /usr/lib/gcc/avr/4.8.2/../../../avr/lib/avr6/libm.a
LOAD /usr/lib/gcc/avr/4.8.2/../../../avr/lib/avr6/libc.a
END GROUP

.hash
 *(.hash)

.dynsym
 *(.dynsym)

.dynstr
 *(.dynstr)

.gnu.version
 *(.gnu.version)

.gnu.version_d
 *(.gnu.version_d)

.gnu.version_r
 *(.gnu.version_r)

.rel.init
 *(.rel.init)

.rela.init
 *(.rela.init)

.rel.text
 *(.rel.text)
 *(.rel.text.*)
 *(.rel.gnu.linkonce.t*)

.rela.text
 *(.rela.text)
 *(.rela.text.*)
 *(.rela.gnu.linkonce.t*)

.rel.fini
 *(.rel.fini)

.rela.fini
 *(.rela.fini)

.rel.rodata
 *(.rel.rodata)
 *(.rel.rodata.*)
 *(.rel.gnu.linkonce.r*)

.rela.rodata
 *(.rela.rodata)
 *(.rela.rodata.*)
 *(.rela.gnu.linkonce.r*)

.rel.data
 *(.rel.data)
 *(.rel.data.*)
 *(.rel.gnu.linkonce.d*)

.rela.data
 *(.rela.data)
 *(.rela.data.*)
 *(.rela.gnu.linkonce.d*)

.rel.ctors
 *(.rel.ctors)

.rela.ctors
 *(.rela.ctors)

.rel.dtors
 *(.rel.dtors)

.rela.dtors
 *(.rela.dtors)

.rel.got
 *(.rel.got)

.rela.got
 *(.rela.got)

.rel.bss
 *(.rel.bss)

.rela.bss
 *(.rela.bss)

.rel.plt
 *(.rel.plt)

.rela.plt
 *(.rela.plt)

.text           0x00000000     0xacf2
 *(.vectors)
 .vectors       0x00000000       0xcc /usr/lib/gcc/avr/4.8.2/../../../avr/lib/avr6/crtm2561.o
                0x00000000                __vectors
                0x00000000                __vector_default
 *(.vectors)
 *(.progmem.gcc*)
 .progmem.gcc_sw_table
                0x000000cc       0x16 vision_cm510.o
 .progmem.gcc_sw_table
                0x000000e2      0x200 ../../cm510_controller_fw/controllers/lib/libcontrollers.a(gpio.o)
 .progmem.gcc_sw_table
                0x000002e2       0x10 ../../cm510_controller_fw/motion/lib/libmotion_manager.a(mtn_library.o)
 *(.progmem*)
 .progmem.data  0x000002f2        0xc /usr/lib/gcc/avr/4.8.2/../../../avr/lib/avr6/libc.a(vfscanf_std.o)
                0x000002fe                . = ALIGN (0x2)
                0x000002fe                __trampolines_start = .
 *(.trampolines)
 .trampolines   0x000002fe       0xd0 linker stubs
 *(.trampolines*)
                0x000003ce                __trampolines_end = .
 *(.jumptables)
 *(.jumptables*)
 *(.lowtext)
 *(.lowtext*)
                0x000003ce                __ctors_start = .
 *(.ctors)
                0x000003ce                __ctors_end = .
                0x000003ce                __dtors_start = .
 *(.dtors)
                0x000003ce                __dtors_end = .
 SORT(*)(.ctors)
 SORT(*)(.dtors)
 *(.init0)
 .init0         0x000003ce        0x0 /usr/lib/gcc/avr/4.8.2/../../../avr/lib/avr6/crtm2561.o
                0x000003ce                __init
 *(.init0)
 *(.init1)
 *(.init1)
 *(.init2)
 .init2         0x000003ce       0x10 /usr/lib/gcc/avr/4.8.2/../../../avr/lib/avr6/crtm2561.o
 *(.init2)
 *(.init3)
 *(.init3)
 *(.init4)
 .init4         0x000003de       0x1a /usr/lib/gcc/avr/4.8.2/avr6/libgcc.a(_copy_data.o)
                0x000003de                __do_copy_data
 .init4         0x000003f8       0x10 /usr/lib/gcc/avr/4.8.2/avr6/libgcc.a(_clear_bss.o)
                0x000003f8                __do_clear_bss
 *(.init4)
 *(.init5)
 *(.init5)
 *(.init6)
 *(.init6)
 *(.init7)
 *(.init7)
 *(.init8)
 *(.init8)
 *(.init9)
 .init9         0x00000408        0x8 /usr/lib/gcc/avr/4.8.2/../../../avr/lib/avr6/crtm2561.o
 *(.init9)
 *(.text)
 .text          0x00000410        0x4 /usr/lib/gcc/avr/4.8.2/../../../avr/lib/avr6/crtm2561.o
                0x00000410                __vector_22
                0x00000410                __vector_28
                0x00000410                __vector_1
                0x00000410                __vector_32
                0x00000410                __vector_34
                0x00000410                __vector_24
                0x00000410                __vector_12
                0x00000410                __vector_46
                0x00000410                __bad_interrupt
                0x00000410                __vector_6
                0x00000410                __vector_31
                0x00000410                __vector_35
                0x00000410                __vector_39
                0x00000410                __vector_3
                0x00000410                __vector_23
                0x00000410                __vector_30
                0x00000410                __vector_45
                0x00000410                __vector_11
                0x00000410                __vector_13
                0x00000410                __vector_17
                0x00000410                __vector_19
                0x00000410                __vector_7
                0x00000410                __vector_49
                0x00000410                __vector_41
                0x00000410                __vector_43
                0x00000410                __vector_5
                0x00000410                __vector_33
                0x00000410                __vector_47
                0x00000410                __vector_37
                0x00000410                __vector_4
                0x00000410                __vector_44
                0x00000410                __vector_9
                0x00000410                __vector_2
                0x00000410                __vector_21
                0x00000410                __vector_15
                0x00000410                __vector_29
                0x00000410                __vector_40
                0x00000410                __vector_8
                0x00000410                __vector_26
                0x00000410                __vector_48
                0x00000410                __vector_14
                0x00000410                __vector_10
                0x00000410                __vector_50
                0x00000410                __vector_16
                0x00000410                __vector_18
                0x00000410                __vector_20
                0x00000410                __vector_42
 .text          0x00000414      0x6ae vision_cm510.o
                0x00000414                compass_param
                0x00000436                bno055_correction
                0x00000444                suma_angles
                0x00000462                compass
                0x000004a6                gira
                0x000005f8                user_init
                0x000006fa                user_loop
 .text          0x00000ac2       0x14 ../../cm510_controller_fw/controllers/lib/libcontrollers.a(cm510.o)
                0x00000ac2                init_cm510
 .text          0x00000ad6      0x4be ../../cm510_controller_fw/controllers/lib/libcontrollers.a(gpio.o)
                0x00000ad6                pushbuttons_loop
                0x00000cd2                init_leds
                0x00000d40                turn_led_on
                0x00000d70                turn_led_off
                0x00000da0                toggle_led
                0x00000dfa                is_led_on
                0x00000e44                init_buttons
                0x00000e56                is_button_pressed
                0x00000ec0                is_button_rising_edge
                0x00000f2a                is_button_falling_edge
 .text          0x00000f94      0xae8 ../../cm510_controller_fw/controllers/lib/libcontrollers.a(adc.o)
                0x00000f94                adc_set_channel
                0x00000fce                adc_set_sample_period
                0x00001194                adc_start_conv
                0x000011a0                adc_is_conversion_done
                0x000011aa                adc_is_period_done
                0x000011b2                adc_loop
                0x00001464                init_adc
                0x00001a58                get_adc_channel
                0x00001a6a                get_adc_avg_channel
 .text          0x00001a7c      0x366 ../../cm510_controller_fw/controllers/lib/libcontrollers.a(buzzer.o)
                0x00001a7c                buzzer_loop
                0x00001b5c                buzzer_stop_alarm
                0x00001b76                buzzer_start_alarm
                0x00001bfc                init_buzzer
                0x00001ce0                buzzer_start
                0x00001d42                buzzer_change_note
                0x00001d7c                buzzer_change_on_time
                0x00001d98                buzzer_change_off_time
                0x00001db4                buzzer_stop
                0x00001dd6                buzzer_is_playing
                0x00001ddc                buzzer_is_playing_alarm
 .text          0x00001de2      0x19e ../../cm510_controller_fw/controllers/lib/libcontrollers.a(user_time.o)
                0x00001de2                user_time_loop
                0x00001e50                init_user_time
                0x00001eb4                user_time_set_period
                0x00001ef8                user_time_set_one_time
                0x00001f3e                user_time_is_period_done
                0x00001f50                user_time_is_done
                0x00001f62                user_time_stop
 .text          0x00001f80      0x524 ../../cm510_controller_fw/motion/lib/libmotion_manager.a(motion_manager.o)
                0x00001f80                manager_timer_init
                0x00001fce                manager_period_done
                0x00001fe4                manager_send_motion_command
                0x0000210e                manager_set_servo_slope
                0x0000211e                manager_get_servo_slope
                0x0000212e                manager_set_servo_value
                0x00002140                manager_get_servo_value
                0x00002152                manager_get_servo_module
                0x00002162                manager_get_cw_servo_limit
                0x00002172                manager_get_ccw_servo_limit
                0x00002182                manager_loop
                0x000021be                manager_init
 .text          0x000024a4     0x119a ../../cm510_controller_fw/motion/lib/libmotion_manager.a(action.o)
                0x000024a4                action_init
                0x000024c0                action_set_page
                0x000024d8                action_start_page
                0x00002574                action_stop_page
                0x0000257c                is_action_running
                0x00002582                action_process
 .text          0x0000363e       0xdc ../../cm510_controller_fw/motion/lib/libmotion_manager.a(motion_pages.o)
                0x0000363e                pages_check_checksum
                0x0000365e                pages_clear_page
                0x00003670                pages_copy_page
                0x0000368e                load_page_info
 .text          0x0000371a      0x754 ../../cm510_controller_fw/motion/lib/libmotion_manager.a(balance.o)
                0x0000371a                balance_loop
                0x00003884                balance_get_offset
                0x00003896                balance_get_all_offsets
                0x000038a2                balance_init
                0x000038ce                balance_robot_has_fallen
                0x000038d8                balance_reset_fall_state
                0x000038de                balance_calibrate_gyro
                0x00003e5a                balance_enable_gyro
                0x00003e62                balance_disable_gyro
                0x00003e68                balance_is_gyro_enabled
 .text          0x00003e6e     0x22fe ../../cm510_controller_fw/motion/lib/libmotion_manager.a(mtn_library.o)
                0x00003e6e                mtn_lib_full
                0x00003f9e                mtn_lib_left
                0x000040b6                mtn_lib_right
                0x000041d0                change_foot
                0x000041e6                compass_deviation
                0x0000420a                add_angles
                0x0000422a                mtn_lib_init
                0x00004240                mtn_lib_stop_mtn
                0x00004248                mtn_lib_set_start_foot
                0x0000424e                reset_steps
                0x00004258                get_steps
                0x00004262                walk_forward
                0x00004386                walk_backward
                0x000044aa                turn_left
                0x000045b6                turn_right
                0x000046c4                walk_left
                0x000047d0                walk_right
                0x000048de                walk_forward_turn_left
                0x000049ea                walk_forward_turn_right
                0x00004af8                walk_backward_turn_left
                0x00004c04                walk_backward_turn_right
                0x00004d12                walk_forward_left
                0x00004e1e                walk_forward_right
                0x00004f2c                walk_backward_left
                0x00005038                walk_backward_right
                0x00005146                fast_walk_forward
                0x0000526a                fast_walk_backward
                0x0000538e                fast_turn_left
                0x00005390                fast_turn_right
                0x00005392                fast_walk_left
                0x00005394                fast_walk_right
                0x00005396                fast_walk_forward_turn_left
                0x00005398                fast_walk_forward_turn_right
                0x0000539a                fast_walk_backward_turn_left
                0x0000539c                fast_walk_backward_turn_right
                0x0000539e                walk_forward_compensating
                0x00005676                walk_backward_compensating
                0x0000594c                get_up_process
                0x000059d6                stairs_up_process
                0x00005b14                stairs_down_process
                0x00005be8                walk_left_compensating
                0x00005da6                walk_right_compensating
                0x00005f62                turn_angle
 .text          0x0000616c      0x988 ../../cm510_controller_fw/motion/lib/libmotion_manager.a(pan_tilt.o)
                0x0000616c                pan_tilt_init
                0x00006226                pan_tilt_move_angles
                0x000064c8                pan_move_angle
                0x00006626                pan_set_speed
                0x00006660                pan_stop
                0x00006668                pan_is_moving
                0x0000666e                tilt_move_angle
                0x000067cc                tilt_set_speed
                0x00006806                tilt_stop
                0x0000680e                tilt_is_moving
                0x00006814                pan_tilt_process
 .text          0x00006af4      0x78a ../../cm510_controller_fw/dyn_devices/lib/libdyn_devices.a(dyn_servos.o)
                0x00006af4                get_angle_limits
                0x00006b36                set_angle_limits
                0x00006b78                get_temperature_limit
                0x00006ba8                set_temperature_limit
                0x00006bc0                get_voltage_limits
                0x00006c02                set_voltage_limits
                0x00006c3e                get_max_torque
                0x00006c78                set_max_torque
                0x00006c90                get_led_alarm
                0x00006cc0                set_led_alarm
                0x00006cd8                get_shd_alarm
                0x00006d08                set_shd_alarm
                0x00006d20                set_wheel_mode
                0x00006d58                set_joint_mode
                0x00006d90                is_joint_mode
                0x00006dec                enable_servo
                0x00006e04                disable_servo
                0x00006e1c                is_servo_enabled
                0x00006e4c                turn_servo_led_on
                0x00006e64                turn_servo_led_off
                0x00006e7c                is_servo_led_on
                0x00006eac                get_compliance_margin
                0x00006eee                set_compliance_margin
                0x00006f2a                get_compliance_slope
                0x00006f6c                set_compliance_slope
                0x00006fa8                get_pid_params
                0x00006fac                set_pid_params
                0x00006fb0                get_target_position
                0x00006fea                set_target_position
                0x00007002                get_target_speed
                0x0000703c                set_target_speed
                0x00007054                get_torque_limit
                0x0000708e                set_torque_limit
                0x000070a6                get_current_position
                0x000070e0                get_current_speed
                0x0000711a                get_current_load
                0x00007154                get_current_voltage
                0x00007184                get_current_temperature
                0x000071b4                is_moving
                0x000071e4                is_locked
                0x00007214                lock
                0x0000722c                get_punch
                0x00007266                set_punch
 .text          0x0000727e      0xfaa ../../cm510_controller_fw/dyn_devices/lib/libdyn_devices.a(exp_board.o)
                0x0000727e                exp_board_loop_start
                0x00007292                exp_board_loop_read
                0x000072a6                exp_board_loop
                0x000072ba                exp_board_init
                0x0000739c                exp_board_is_present
                0x000073a2                exp_adc_start
                0x000073be                exp_adc_stop
                0x000073da                exp_adc_is_running
                0x00007414                exp_adc_set_average_samples
                0x00007430                exp_adc_get_average_samples
                0x00007464                exp_adc_set_sample_period
                0x00007480                exp_adc_get_sample_period
                0x000074b4                exp_adc_get_channel
                0x000074d0                exp_adc_get_avg_channel
                0x000074ec                exp_gpio_config
                0x00007516                exp_gpio_get_value
                0x00007522                exp_gpio_set_value
                0x0000754c                exp_gpio_set_led
                0x00007568                exp_gpio_clear_led
                0x00007584                exp_gpio_get_switches
                0x000075b8                exp_pwm_start
                0x000075e0                exp_pwm_stop
                0x00007608                exp_pwm_is_running
                0x00007644                exp_pwm_enable_ch
                0x0000767c                exp_pwm_disable_ch
                0x000076b4                exp_pwm_is_channel_enabled
                0x00007710                exp_pwm_set_frequency
                0x00007738                exp_pwm_get_frequency
                0x00007776                exp_pwm_set_duty_cycle
                0x000077a8                exp_pwm_get_duty_cycle
                0x000077e6                exp_pwm_num_servos
                0x000077ec                exp_dac_start
                0x00007814                exp_dac_stop
                0x0000783c                exp_dac_is_running
                0x00007876                exp_dac_enable_ch
                0x000078ac                exp_dac_disable_ch
                0x000078e2                exp_dac_is_channel_enabled
                0x0000793e                exp_dac_set_voltage
                0x00007996                exp_dac_get_voltage
                0x000079f8                exp_compass_start
                0x00007a20                exp_compass_stop
                0x00007a48                exp_compass_is_running
                0x00007a84                exp_compass_start_calibration
                0x00007aac                exp_compass_stop_calibration
                0x00007ad4                exp_compass_is_calibrating
                0x00007b10                exp_compass_get_heading
                0x00007b32                exp_compass_get_avg_heading
                0x00007b54                exp_compass_set_avg_samples
                0x00007b7c                exp_compass_get_avg_samples
                0x00007bb2                exp_bno055_is_present
                0x00007bb8                exp_bno055_start
                0x00007be0                exp_bno055_stop
                0x00007c08                exp_bno055_is_running
                0x00007c44                exp_bno055_is_calibrated
                0x00007c84                exp_bno055_erase_calibration
                0x00007cac                exp_bno055_get_heading
                0x00007cce                exp_bno055_get_gravity_x
                0x00007cf0                exp_bno055_get_gravity_y
                0x00007d12                exp_bno055_get_gravity_z
                0x00007d34                exp_uart_ttl_start
                0x00007d5c                exp_uart_ttl_stop
                0x00007d84                exp_uart_ttl_is_running
                0x00007dc0                exp_uart_ttl_set_baudrate
                0x00007de8                exp_uart_ttl_get_baudrate
                0x00007e26                exp_uart_ttl_send_byte
                0x00007e4e                exp_uart_ttl_is_sending
                0x00007e8a                exp_uart_ttl_send_vector
                0x00007f3c                exp_uart_ttl_is_data_available
                0x00007f78                exp_uart_ttl_receive_data
                0x00007fae                exp_uart_usb_start
                0x00007fd6                exp_uart_usb_stop
                0x00007ffe                exp_uart_usb_is_running
                0x0000803a                exp_uart_usb_set_baudrate
                0x00008062                exp_uart_usb_get_baudrate
                0x000080a0                exp_uart_usb_send_byte
                0x000080c8                exp_uart_usb_is_sending
                0x00008104                exp_uart_usb_send_vector
                0x000081b6                exp_uart_usb_is_data_available
                0x000081f2                exp_uart_usb_receive_data
 .text          0x00008228       0xca ../../cm510_controller_fw/dyn_devices/lib/libdyn_devices.a(dyn_common.o)
                0x00008228                get_model_number
                0x00008262                get_firmware_version
                0x00008292                set_servo_id
                0x000082aa                get_baudrate
                0x000082da                set_baudrate
 .text          0x000082f2      0x8c0 ../../cm510_controller_fw/communications/lib/libcomm.a(dynamixel_master.o)
                0x000082f2                dyn_master_start_timeout
                0x00008318                dyn_master_cancel_timeout
                0x00008320                dyn_master_timeout
                0x00008326                dyn_master_set_tx_mode
                0x0000832c                dyn_master_set_rx_mode
                0x00008332                __vector_27
                0x000083b8                __vector_25
                0x0000846e                dyn_master_wait_transmission
                0x00008498                dyn_master_send
                0x000084aa                dyn_master_wait_reception
                0x00008504                dyn_master_init
                0x00008570                dyn_master_is_init
                0x00008576                dyn_master_set_rx_timeout
                0x0000858c                dyn_master_set_return_level
                0x00008592                dyn_master_get_return_level
                0x00008598                dyn_master_set_baudrate
                0x000085b6                dyn_master_get_baudrate
                0x000085c8                dyn_master_ping
                0x0000861a                dyn_master_scan
                0x0000865a                dyn_master_start_read_table
                0x000086cc                dyn_master_wait_read_table
                0x0000870e                dyn_master_read_table
                0x000087bc                dyn_master_read_byte
                0x000087c6                dyn_master_read_word
                0x00008808                dyn_master_write_table
                0x000088a4                dyn_master_write_byte
                0x000088c6                dyn_master_write_word
                0x000088ee                dyn_master_reg_write
                0x0000898e                dyn_master_action
                0x000089d6                dyn_master_sync_write
                0x00008a54                dyn_master_bulk_read
 .text          0x00008bb2      0x2e4 ../../cm510_controller_fw/communications/lib/libcomm.a(serial_console.o)
                0x00008bb2                serial_console_getchar
                0x00008bf6                serial_console_putchar
                0x00008c88                __vector_36
                0x00008ce6                __vector_38
                0x00008d4a                serial_console_set_baudrate
                0x00008d68                serial_console_init
                0x00008db0                serial_console_get_num_data
                0x00008db6                cm510_printf
                0x00008dda                cm510_scanf
                0x00008dfe                cm510_read
                0x00008e3e                cm510_write
 .text          0x00008e96      0x168 ../../cm510_controller_fw/communications/lib/libcomm.a(memory.o)
                0x00008e96                ram_init
                0x00008f24                ram_read
                0x00008f46                ram_write
                0x00008f82                eeprom_write
 .text          0x00008ffe      0x4b8 ../../cm510_controller_fw/communications/lib/libcomm.a(dynamixel.o)
                0x00008ffe                dyn_set_checksum
                0x00009032                dyn_check_checksum
                0x00009068                dyn_copy_packet
                0x00009084                dyn_get_id
                0x0000908a                dyn_get_length
                0x00009090                dyn_get_instruction
                0x00009096                dyn_init_ping_packet
                0x000090ae                dyn_init_read_packet
                0x000090ca                dyn_get_read_length
                0x000090d0                dyn_get_read_address
                0x000090d6                dyn_init_write_packet
                0x00009118                dyn_get_write_address
                0x0000911e                dyn_get_write_length
                0x00009126                dyn_get_write_data
                0x00009160                dyn_init_reg_write_packet
                0x000091a2                dyn_get_reg_write_address
                0x000091a8                dyn_get_reg_write_length
                0x000091b0                dyn_get_reg_write_data
                0x000091ea                dyn_init_action_packet
                0x00009204                dyn_init_reset_packet
                0x0000921c                dyn_init_sync_write_packet
                0x000092c4                dyn_sync_write_id_present
                0x0000935c                dyn_init_bulk_read_packet
                0x000093d6                dyn_bulk_read_id_present
                0x00009438                dyn_init_status_packet
                0x00009476                dyn_get_status_error
                0x0000947c                dyn_get_read_status_data
 .text          0x000094b6        0x0 /usr/lib/gcc/avr/4.8.2/avr6/libgcc.a(_umulhisi3.o)
 .text          0x000094b6        0x0 /usr/lib/gcc/avr/4.8.2/avr6/libgcc.a(_usmulhisi3.o)
 .text          0x000094b6        0x0 /usr/lib/gcc/avr/4.8.2/avr6/libgcc.a(_muluhisi3.o)
 .text          0x000094b6        0x0 /usr/lib/gcc/avr/4.8.2/avr6/libgcc.a(_divmodhi4.o)
 .text          0x000094b6        0x0 /usr/lib/gcc/avr/4.8.2/avr6/libgcc.a(_udivmodsi4.o)
 .text          0x000094b6        0x0 /usr/lib/gcc/avr/4.8.2/avr6/libgcc.a(_divmodsi4.o)
 .text          0x000094b6        0x0 /usr/lib/gcc/avr/4.8.2/avr6/libgcc.a(_divdi3.o)
 .text          0x000094b6        0x0 /usr/lib/gcc/avr/4.8.2/avr6/libgcc.a(_udivdi3.o)
 .text          0x000094b6        0x0 /usr/lib/gcc/avr/4.8.2/avr6/libgcc.a(_muldi3.o)
 .text          0x000094b6        0x0 /usr/lib/gcc/avr/4.8.2/avr6/libgcc.a(_muldi3_6.o)
 .text          0x000094b6        0x0 /usr/lib/gcc/avr/4.8.2/avr6/libgcc.a(_udivmod64.o)
 .text          0x000094b6        0x0 /usr/lib/gcc/avr/4.8.2/avr6/libgcc.a(_negsi2.o)
 .text          0x000094b6        0x0 /usr/lib/gcc/avr/4.8.2/avr6/libgcc.a(_negdi2.o)
 .text          0x000094b6        0x0 /usr/lib/gcc/avr/4.8.2/avr6/libgcc.a(_prologue.o)
 .text          0x000094b6        0x0 /usr/lib/gcc/avr/4.8.2/avr6/libgcc.a(_epilogue.o)
 .text          0x000094b6        0x0 /usr/lib/gcc/avr/4.8.2/avr6/libgcc.a(_exit.o)
 .text          0x000094b6        0x0 /usr/lib/gcc/avr/4.8.2/avr6/libgcc.a(_tablejump.o)
 .text          0x000094b6        0x0 /usr/lib/gcc/avr/4.8.2/avr6/libgcc.a(_copy_data.o)
 .text          0x000094b6        0x0 /usr/lib/gcc/avr/4.8.2/avr6/libgcc.a(_clear_bss.o)
 .text          0x000094b6        0x0 /usr/lib/gcc/avr/4.8.2/avr6/libgcc.a(_ashldi3.o)
 .text          0x000094b6        0x0 /usr/lib/gcc/avr/4.8.2/avr6/libgcc.a(_adddi3.o)
 .text          0x000094b6        0x0 /usr/lib/gcc/avr/4.8.2/avr6/libgcc.a(_subdi3.o)
 .text          0x000094b6        0x0 /usr/lib/gcc/avr/4.8.2/avr6/libgcc.a(_cmpdi2_s8.o)
 .text          0x000094b6        0x0 /usr/lib/gcc/avr/4.8.2/avr6/libgcc.a(_udivmodhi4.o)
 .text          0x000094b6        0x0 /usr/lib/gcc/avr/4.8.2/../../../avr/lib/avr6/libm.a(addsf3.o)
 .text          0x000094b6        0x0 /usr/lib/gcc/avr/4.8.2/../../../avr/lib/avr6/libm.a(addsf3x.o)
 .text          0x000094b6        0x0 /usr/lib/gcc/avr/4.8.2/../../../avr/lib/avr6/libm.a(cmpsf2.o)
 .text          0x000094b6        0x0 /usr/lib/gcc/avr/4.8.2/../../../avr/lib/avr6/libm.a(divsf3.o)
 .text          0x000094b6        0x0 /usr/lib/gcc/avr/4.8.2/../../../avr/lib/avr6/libm.a(divsf3x.o)
 .text          0x000094b6        0x0 /usr/lib/gcc/avr/4.8.2/../../../avr/lib/avr6/libm.a(fixunssfsi.o)
 .text          0x000094b6        0x0 /usr/lib/gcc/avr/4.8.2/../../../avr/lib/avr6/libm.a(floatsisf.o)
 .text          0x000094b6        0x0 /usr/lib/gcc/avr/4.8.2/../../../avr/lib/avr6/libm.a(fp_cmp.o)
 .text          0x000094b6        0x0 /usr/lib/gcc/avr/4.8.2/../../../avr/lib/avr6/libm.a(fp_inf.o)
 .text          0x000094b6        0x0 /usr/lib/gcc/avr/4.8.2/../../../avr/lib/avr6/libm.a(fp_nan.o)
 .text          0x000094b6        0x0 /usr/lib/gcc/avr/4.8.2/../../../avr/lib/avr6/libm.a(fp_pscA.o)
 .text          0x000094b6        0x0 /usr/lib/gcc/avr/4.8.2/../../../avr/lib/avr6/libm.a(fp_pscB.o)
 .text          0x000094b6        0x0 /usr/lib/gcc/avr/4.8.2/../../../avr/lib/avr6/libm.a(fp_round.o)
 .text          0x000094b6        0x0 /usr/lib/gcc/avr/4.8.2/../../../avr/lib/avr6/libm.a(fp_split3.o)
 .text          0x000094b6        0x0 /usr/lib/gcc/avr/4.8.2/../../../avr/lib/avr6/libm.a(fp_zero.o)
 .text          0x000094b6        0x0 /usr/lib/gcc/avr/4.8.2/../../../avr/lib/avr6/libm.a(mulsf3.o)
 .text          0x000094b6        0x0 /usr/lib/gcc/avr/4.8.2/../../../avr/lib/avr6/libm.a(mulsf3x.o)
 .text          0x000094b6        0x0 /usr/lib/gcc/avr/4.8.2/../../../avr/lib/avr6/libm.a(sqrt.o)
 .text          0x000094b6        0x0 /usr/lib/gcc/avr/4.8.2/../../../avr/lib/avr6/libm.a(fp_mpack.o)
 .text          0x000094b6        0x0 /usr/lib/gcc/avr/4.8.2/../../../avr/lib/avr6/libm.a(fp_norm2.o)
 .text          0x000094b6        0x0 /usr/lib/gcc/avr/4.8.2/../../../avr/lib/avr6/libc.a(fdevopen.o)
 .text          0x000094b6        0x0 /usr/lib/gcc/avr/4.8.2/../../../avr/lib/avr6/libc.a(iob.o)
 .text          0x000094b6        0x0 /usr/lib/gcc/avr/4.8.2/../../../avr/lib/avr6/libc.a(vfprintf_std.o)
 .text          0x000094b6        0x0 /usr/lib/gcc/avr/4.8.2/../../../avr/lib/avr6/libc.a(vfscanf_std.o)
 .text          0x000094b6        0x0 /usr/lib/gcc/avr/4.8.2/../../../avr/lib/avr6/libc.a(eerd_byte_atmega2561.o)
 .text          0x000094b6        0x0 /usr/lib/gcc/avr/4.8.2/../../../avr/lib/avr6/libc.a(eewr_byte_atmega2561.o)
 .text          0x000094b6        0x0 /usr/lib/gcc/avr/4.8.2/../../../avr/lib/avr6/libc.a(calloc.o)
 .text          0x000094b6        0x0 /usr/lib/gcc/avr/4.8.2/../../../avr/lib/avr6/libc.a(malloc.o)
 .text          0x000094b6        0x0 /usr/lib/gcc/avr/4.8.2/../../../avr/lib/avr6/libc.a(isspace.o)
 .text          0x000094b6        0x0 /usr/lib/gcc/avr/4.8.2/../../../avr/lib/avr6/libc.a(strchr_P.o)
 .text          0x000094b6        0x0 /usr/lib/gcc/avr/4.8.2/../../../avr/lib/avr6/libc.a(strnlen_P.o)
 .text          0x000094b6        0x0 /usr/lib/gcc/avr/4.8.2/../../../avr/lib/avr6/libc.a(memset.o)
 .text          0x000094b6        0x0 /usr/lib/gcc/avr/4.8.2/../../../avr/lib/avr6/libc.a(strnlen.o)
 .text          0x000094b6        0x0 /usr/lib/gcc/avr/4.8.2/../../../avr/lib/avr6/libc.a(fgetc.o)
 .text          0x000094b6        0x0 /usr/lib/gcc/avr/4.8.2/../../../avr/lib/avr6/libc.a(fputc.o)
 .text          0x000094b6        0x0 /usr/lib/gcc/avr/4.8.2/../../../avr/lib/avr6/libc.a(ungetc.o)
 .text          0x000094b6        0x0 /usr/lib/gcc/avr/4.8.2/../../../avr/lib/avr6/libc.a(ultoa_invert.o)
 .text          0x000094b6        0x0 /usr/lib/gcc/avr/4.8.2/../../../avr/lib/avr6/libc.a(cty_isfalse.o)
                0x000094b6                . = ALIGN (0x2)
 *(.text.*)
 .text.startup  0x000094b6       0x5e ../../cm510_controller_fw/controllers/lib/libcontrollers.a(cm510.o)
                0x000094b6                main
 .text.libgcc.mul
                0x00009514       0x1e /usr/lib/gcc/avr/4.8.2/avr6/libgcc.a(_umulhisi3.o)
                0x00009514                __umulhisi3
 .text.libgcc.div
                0x00009532        0x0 /usr/lib/gcc/avr/4.8.2/avr6/libgcc.a(_umulhisi3.o)
 .text.libgcc   0x00009532        0x0 /usr/lib/gcc/avr/4.8.2/avr6/libgcc.a(_umulhisi3.o)
 .text.libgcc.prologue
                0x00009532        0x0 /usr/lib/gcc/avr/4.8.2/avr6/libgcc.a(_umulhisi3.o)
 .text.libgcc.builtins
                0x00009532        0x0 /usr/lib/gcc/avr/4.8.2/avr6/libgcc.a(_umulhisi3.o)
 .text.libgcc.fmul
                0x00009532        0x0 /usr/lib/gcc/avr/4.8.2/avr6/libgcc.a(_umulhisi3.o)
 .text.libgcc.fixed
                0x00009532        0x0 /usr/lib/gcc/avr/4.8.2/avr6/libgcc.a(_umulhisi3.o)
 .text.libgcc.mul
                0x00009532        0xe /usr/lib/gcc/avr/4.8.2/avr6/libgcc.a(_usmulhisi3.o)
                0x00009532                __usmulhisi3
                0x00009536                __usmulhisi3_tail
 .text.libgcc.div
                0x00009540        0x0 /usr/lib/gcc/avr/4.8.2/avr6/libgcc.a(_usmulhisi3.o)
 .text.libgcc   0x00009540        0x0 /usr/lib/gcc/avr/4.8.2/avr6/libgcc.a(_usmulhisi3.o)
 .text.libgcc.prologue
                0x00009540        0x0 /usr/lib/gcc/avr/4.8.2/avr6/libgcc.a(_usmulhisi3.o)
 .text.libgcc.builtins
                0x00009540        0x0 /usr/lib/gcc/avr/4.8.2/avr6/libgcc.a(_usmulhisi3.o)
 .text.libgcc.fmul
                0x00009540        0x0 /usr/lib/gcc/avr/4.8.2/avr6/libgcc.a(_usmulhisi3.o)
 .text.libgcc.fixed
                0x00009540        0x0 /usr/lib/gcc/avr/4.8.2/avr6/libgcc.a(_usmulhisi3.o)
 .text.libgcc.mul
                0x00009540       0x16 /usr/lib/gcc/avr/4.8.2/avr6/libgcc.a(_muluhisi3.o)
                0x00009540                __muluhisi3
 .text.libgcc.div
                0x00009556        0x0 /usr/lib/gcc/avr/4.8.2/avr6/libgcc.a(_muluhisi3.o)
 .text.libgcc   0x00009556        0x0 /usr/lib/gcc/avr/4.8.2/avr6/libgcc.a(_muluhisi3.o)
 .text.libgcc.prologue
                0x00009556        0x0 /usr/lib/gcc/avr/4.8.2/avr6/libgcc.a(_muluhisi3.o)
 .text.libgcc.builtins
                0x00009556        0x0 /usr/lib/gcc/avr/4.8.2/avr6/libgcc.a(_muluhisi3.o)
 .text.libgcc.fmul
                0x00009556        0x0 /usr/lib/gcc/avr/4.8.2/avr6/libgcc.a(_muluhisi3.o)
 .text.libgcc.fixed
                0x00009556        0x0 /usr/lib/gcc/avr/4.8.2/avr6/libgcc.a(_muluhisi3.o)
 .text.libgcc.mul
                0x00009556        0x0 /usr/lib/gcc/avr/4.8.2/avr6/libgcc.a(_divmodhi4.o)
 .text.libgcc.div
                0x00009556       0x28 /usr/lib/gcc/avr/4.8.2/avr6/libgcc.a(_divmodhi4.o)
                0x00009556                __divmodhi4
                0x00009556                _div
 .text.libgcc   0x0000957e        0x0 /usr/lib/gcc/avr/4.8.2/avr6/libgcc.a(_divmodhi4.o)
 .text.libgcc.prologue
                0x0000957e        0x0 /usr/lib/gcc/avr/4.8.2/avr6/libgcc.a(_divmodhi4.o)
 .text.libgcc.builtins
                0x0000957e        0x0 /usr/lib/gcc/avr/4.8.2/avr6/libgcc.a(_divmodhi4.o)
 .text.libgcc.fmul
                0x0000957e        0x0 /usr/lib/gcc/avr/4.8.2/avr6/libgcc.a(_divmodhi4.o)
 .text.libgcc.fixed
                0x0000957e        0x0 /usr/lib/gcc/avr/4.8.2/avr6/libgcc.a(_divmodhi4.o)
 .text.libgcc.mul
                0x0000957e        0x0 /usr/lib/gcc/avr/4.8.2/avr6/libgcc.a(_udivmodsi4.o)
 .text.libgcc.div
                0x0000957e       0x44 /usr/lib/gcc/avr/4.8.2/avr6/libgcc.a(_udivmodsi4.o)
                0x0000957e                __udivmodsi4
 .text.libgcc   0x000095c2        0x0 /usr/lib/gcc/avr/4.8.2/avr6/libgcc.a(_udivmodsi4.o)
 .text.libgcc.prologue
                0x000095c2        0x0 /usr/lib/gcc/avr/4.8.2/avr6/libgcc.a(_udivmodsi4.o)
 .text.libgcc.builtins
                0x000095c2        0x0 /usr/lib/gcc/avr/4.8.2/avr6/libgcc.a(_udivmodsi4.o)
 .text.libgcc.fmul
                0x000095c2        0x0 /usr/lib/gcc/avr/4.8.2/avr6/libgcc.a(_udivmodsi4.o)
 .text.libgcc.fixed
                0x000095c2        0x0 /usr/lib/gcc/avr/4.8.2/avr6/libgcc.a(_udivmodsi4.o)
 .text.libgcc.mul
                0x000095c2        0x0 /usr/lib/gcc/avr/4.8.2/avr6/libgcc.a(_divmodsi4.o)
 .text.libgcc.div
                0x000095c2       0x2e /usr/lib/gcc/avr/4.8.2/avr6/libgcc.a(_divmodsi4.o)
                0x000095c2                __divmodsi4
 .text.libgcc   0x000095f0        0x0 /usr/lib/gcc/avr/4.8.2/avr6/libgcc.a(_divmodsi4.o)
 .text.libgcc.prologue
                0x000095f0        0x0 /usr/lib/gcc/avr/4.8.2/avr6/libgcc.a(_divmodsi4.o)
 .text.libgcc.builtins
                0x000095f0        0x0 /usr/lib/gcc/avr/4.8.2/avr6/libgcc.a(_divmodsi4.o)
 .text.libgcc.fmul
                0x000095f0        0x0 /usr/lib/gcc/avr/4.8.2/avr6/libgcc.a(_divmodsi4.o)
 .text.libgcc.fixed
                0x000095f0        0x0 /usr/lib/gcc/avr/4.8.2/avr6/libgcc.a(_divmodsi4.o)
 .text.libgcc.mul
                0x000095f0        0x0 /usr/lib/gcc/avr/4.8.2/avr6/libgcc.a(_divdi3.o)
 .text.libgcc.div
                0x000095f0       0x62 /usr/lib/gcc/avr/4.8.2/avr6/libgcc.a(_divdi3.o)
                0x000095f0                __moddi3
                0x000095f4                __divdi3
                0x000095f6                __divdi3_moddi3
 .text.libgcc   0x00009652        0x0 /usr/lib/gcc/avr/4.8.2/avr6/libgcc.a(_divdi3.o)
 .text.libgcc.prologue
                0x00009652        0x0 /usr/lib/gcc/avr/4.8.2/avr6/libgcc.a(_divdi3.o)
 .text.libgcc.builtins
                0x00009652        0x0 /usr/lib/gcc/avr/4.8.2/avr6/libgcc.a(_divdi3.o)
 .text.libgcc.fmul
                0x00009652        0x0 /usr/lib/gcc/avr/4.8.2/avr6/libgcc.a(_divdi3.o)
 .text.libgcc.fixed
                0x00009652        0x0 /usr/lib/gcc/avr/4.8.2/avr6/libgcc.a(_divdi3.o)
 .text.libgcc.mul
                0x00009652        0x0 /usr/lib/gcc/avr/4.8.2/avr6/libgcc.a(_udivdi3.o)
 .text.libgcc.div
                0x00009652       0x1c /usr/lib/gcc/avr/4.8.2/avr6/libgcc.a(_udivdi3.o)
                0x00009652                __umoddi3
                0x00009656                __udivdi3
                0x00009658                __udivdi3_umoddi3
 .text.libgcc   0x0000966e        0x0 /usr/lib/gcc/avr/4.8.2/avr6/libgcc.a(_udivdi3.o)
 .text.libgcc.prologue
                0x0000966e        0x0 /usr/lib/gcc/avr/4.8.2/avr6/libgcc.a(_udivdi3.o)
 .text.libgcc.builtins
                0x0000966e        0x0 /usr/lib/gcc/avr/4.8.2/avr6/libgcc.a(_udivdi3.o)
 .text.libgcc.fmul
                0x0000966e        0x0 /usr/lib/gcc/avr/4.8.2/avr6/libgcc.a(_udivdi3.o)
 .text.libgcc.fixed
                0x0000966e        0x0 /usr/lib/gcc/avr/4.8.2/avr6/libgcc.a(_udivdi3.o)
 .text.libgcc.mul
                0x0000966e       0xa0 /usr/lib/gcc/avr/4.8.2/avr6/libgcc.a(_muldi3.o)
                0x0000966e                __muldi3
 .text.libgcc.div
                0x0000970e        0x0 /usr/lib/gcc/avr/4.8.2/avr6/libgcc.a(_muldi3.o)
 .text.libgcc   0x0000970e        0x0 /usr/lib/gcc/avr/4.8.2/avr6/libgcc.a(_muldi3.o)
 .text.libgcc.prologue
                0x0000970e        0x0 /usr/lib/gcc/avr/4.8.2/avr6/libgcc.a(_muldi3.o)
 .text.libgcc.builtins
                0x0000970e        0x0 /usr/lib/gcc/avr/4.8.2/avr6/libgcc.a(_muldi3.o)
 .text.libgcc.fmul
                0x0000970e        0x0 /usr/lib/gcc/avr/4.8.2/avr6/libgcc.a(_muldi3.o)
 .text.libgcc.fixed
                0x0000970e        0x0 /usr/lib/gcc/avr/4.8.2/avr6/libgcc.a(_muldi3.o)
 .text.libgcc.mul
                0x0000970e       0x12 /usr/lib/gcc/avr/4.8.2/avr6/libgcc.a(_muldi3_6.o)
                0x0000970e                __muldi3_6
 .text.libgcc.div
                0x00009720        0x0 /usr/lib/gcc/avr/4.8.2/avr6/libgcc.a(_muldi3_6.o)
 .text.libgcc   0x00009720        0x0 /usr/lib/gcc/avr/4.8.2/avr6/libgcc.a(_muldi3_6.o)
 .text.libgcc.prologue
                0x00009720        0x0 /usr/lib/gcc/avr/4.8.2/avr6/libgcc.a(_muldi3_6.o)
 .text.libgcc.builtins
                0x00009720        0x0 /usr/lib/gcc/avr/4.8.2/avr6/libgcc.a(_muldi3_6.o)
 .text.libgcc.fmul
                0x00009720        0x0 /usr/lib/gcc/avr/4.8.2/avr6/libgcc.a(_muldi3_6.o)
 .text.libgcc.fixed
                0x00009720        0x0 /usr/lib/gcc/avr/4.8.2/avr6/libgcc.a(_muldi3_6.o)
 .text.libgcc.mul
                0x00009720        0x0 /usr/lib/gcc/avr/4.8.2/avr6/libgcc.a(_udivmod64.o)
 .text.libgcc.div
                0x00009720       0xa2 /usr/lib/gcc/avr/4.8.2/avr6/libgcc.a(_udivmod64.o)
                0x00009720                __udivmod64
 .text.libgcc   0x000097c2        0x0 /usr/lib/gcc/avr/4.8.2/avr6/libgcc.a(_udivmod64.o)
 .text.libgcc.prologue
                0x000097c2        0x0 /usr/lib/gcc/avr/4.8.2/avr6/libgcc.a(_udivmod64.o)
 .text.libgcc.builtins
                0x000097c2        0x0 /usr/lib/gcc/avr/4.8.2/avr6/libgcc.a(_udivmod64.o)
 .text.libgcc.fmul
                0x000097c2        0x0 /usr/lib/gcc/avr/4.8.2/avr6/libgcc.a(_udivmod64.o)
 .text.libgcc.fixed
                0x000097c2        0x0 /usr/lib/gcc/avr/4.8.2/avr6/libgcc.a(_udivmod64.o)
 .text.libgcc.mul
                0x000097c2        0x0 /usr/lib/gcc/avr/4.8.2/avr6/libgcc.a(_negsi2.o)
 .text.libgcc.div
                0x000097c2       0x10 /usr/lib/gcc/avr/4.8.2/avr6/libgcc.a(_negsi2.o)
                0x000097c2                __negsi2
 .text.libgcc   0x000097d2        0x0 /usr/lib/gcc/avr/4.8.2/avr6/libgcc.a(_negsi2.o)
 .text.libgcc.prologue
                0x000097d2        0x0 /usr/lib/gcc/avr/4.8.2/avr6/libgcc.a(_negsi2.o)
 .text.libgcc.builtins
                0x000097d2        0x0 /usr/lib/gcc/avr/4.8.2/avr6/libgcc.a(_negsi2.o)
 .text.libgcc.fmul
                0x000097d2        0x0 /usr/lib/gcc/avr/4.8.2/avr6/libgcc.a(_negsi2.o)
 .text.libgcc.fixed
                0x000097d2        0x0 /usr/lib/gcc/avr/4.8.2/avr6/libgcc.a(_negsi2.o)
 .text.libgcc.mul
                0x000097d2        0x0 /usr/lib/gcc/avr/4.8.2/avr6/libgcc.a(_negdi2.o)
 .text.libgcc.div
                0x000097d2        0x0 /usr/lib/gcc/avr/4.8.2/avr6/libgcc.a(_negdi2.o)
 .text.libgcc   0x000097d2       0x20 /usr/lib/gcc/avr/4.8.2/avr6/libgcc.a(_negdi2.o)
                0x000097d2                __negdi2
 .text.libgcc.prologue
                0x000097f2        0x0 /usr/lib/gcc/avr/4.8.2/avr6/libgcc.a(_negdi2.o)
 .text.libgcc.builtins
                0x000097f2        0x0 /usr/lib/gcc/avr/4.8.2/avr6/libgcc.a(_negdi2.o)
 .text.libgcc.fmul
                0x000097f2        0x0 /usr/lib/gcc/avr/4.8.2/avr6/libgcc.a(_negdi2.o)
 .text.libgcc.fixed
                0x000097f2        0x0 /usr/lib/gcc/avr/4.8.2/avr6/libgcc.a(_negdi2.o)
 .text.libgcc.mul
                0x000097f2        0x0 /usr/lib/gcc/avr/4.8.2/avr6/libgcc.a(_prologue.o)
 .text.libgcc.div
                0x000097f2        0x0 /usr/lib/gcc/avr/4.8.2/avr6/libgcc.a(_prologue.o)
 .text.libgcc   0x000097f2        0x0 /usr/lib/gcc/avr/4.8.2/avr6/libgcc.a(_prologue.o)
 .text.libgcc.prologue
                0x000097f2       0x38 /usr/lib/gcc/avr/4.8.2/avr6/libgcc.a(_prologue.o)
                0x000097f2                __prologue_saves__
 .text.libgcc.builtins
                0x0000982a        0x0 /usr/lib/gcc/avr/4.8.2/avr6/libgcc.a(_prologue.o)
 .text.libgcc.fmul
                0x0000982a        0x0 /usr/lib/gcc/avr/4.8.2/avr6/libgcc.a(_prologue.o)
 .text.libgcc.fixed
                0x0000982a        0x0 /usr/lib/gcc/avr/4.8.2/avr6/libgcc.a(_prologue.o)
 .text.libgcc.mul
                0x0000982a        0x0 /usr/lib/gcc/avr/4.8.2/avr6/libgcc.a(_epilogue.o)
 .text.libgcc.div
                0x0000982a        0x0 /usr/lib/gcc/avr/4.8.2/avr6/libgcc.a(_epilogue.o)
 .text.libgcc   0x0000982a        0x0 /usr/lib/gcc/avr/4.8.2/avr6/libgcc.a(_epilogue.o)
 .text.libgcc.prologue
                0x0000982a       0x36 /usr/lib/gcc/avr/4.8.2/avr6/libgcc.a(_epilogue.o)
                0x0000982a                __epilogue_restores__
 .text.libgcc.builtins
                0x00009860        0x0 /usr/lib/gcc/avr/4.8.2/avr6/libgcc.a(_epilogue.o)
 .text.libgcc.fmul
                0x00009860        0x0 /usr/lib/gcc/avr/4.8.2/avr6/libgcc.a(_epilogue.o)
 .text.libgcc.fixed
                0x00009860        0x0 /usr/lib/gcc/avr/4.8.2/avr6/libgcc.a(_epilogue.o)
 .text.libgcc.mul
                0x00009860        0x0 /usr/lib/gcc/avr/4.8.2/avr6/libgcc.a(_exit.o)
 .text.libgcc.div
                0x00009860        0x0 /usr/lib/gcc/avr/4.8.2/avr6/libgcc.a(_exit.o)
 .text.libgcc   0x00009860        0x0 /usr/lib/gcc/avr/4.8.2/avr6/libgcc.a(_exit.o)
 .text.libgcc.prologue
                0x00009860        0x0 /usr/lib/gcc/avr/4.8.2/avr6/libgcc.a(_exit.o)
 .text.libgcc.builtins
                0x00009860        0x0 /usr/lib/gcc/avr/4.8.2/avr6/libgcc.a(_exit.o)
 .text.libgcc.fmul
                0x00009860        0x0 /usr/lib/gcc/avr/4.8.2/avr6/libgcc.a(_exit.o)
 .text.libgcc.fixed
                0x00009860        0x0 /usr/lib/gcc/avr/4.8.2/avr6/libgcc.a(_exit.o)
 .text.libgcc.mul
                0x00009860        0x0 /usr/lib/gcc/avr/4.8.2/avr6/libgcc.a(_tablejump.o)
 .text.libgcc.div
                0x00009860        0x0 /usr/lib/gcc/avr/4.8.2/avr6/libgcc.a(_tablejump.o)
 .text.libgcc   0x00009860        0xc /usr/lib/gcc/avr/4.8.2/avr6/libgcc.a(_tablejump.o)
                0x00009860                __tablejump2__
                0x00009864                __tablejump__
 .text.libgcc.prologue
                0x0000986c        0x0 /usr/lib/gcc/avr/4.8.2/avr6/libgcc.a(_tablejump.o)
 .text.libgcc.builtins
                0x0000986c        0x0 /usr/lib/gcc/avr/4.8.2/avr6/libgcc.a(_tablejump.o)
 .text.libgcc.fmul
                0x0000986c        0x0 /usr/lib/gcc/avr/4.8.2/avr6/libgcc.a(_tablejump.o)
 .text.libgcc.fixed
                0x0000986c        0x0 /usr/lib/gcc/avr/4.8.2/avr6/libgcc.a(_tablejump.o)
 .text.libgcc.mul
                0x0000986c        0x0 /usr/lib/gcc/avr/4.8.2/avr6/libgcc.a(_copy_data.o)
 .text.libgcc.div
                0x0000986c        0x0 /usr/lib/gcc/avr/4.8.2/avr6/libgcc.a(_copy_data.o)
 .text.libgcc   0x0000986c        0x0 /usr/lib/gcc/avr/4.8.2/avr6/libgcc.a(_copy_data.o)
 .text.libgcc.prologue
                0x0000986c        0x0 /usr/lib/gcc/avr/4.8.2/avr6/libgcc.a(_copy_data.o)
 .text.libgcc.builtins
                0x0000986c        0x0 /usr/lib/gcc/avr/4.8.2/avr6/libgcc.a(_copy_data.o)
 .text.libgcc.fmul
                0x0000986c        0x0 /usr/lib/gcc/avr/4.8.2/avr6/libgcc.a(_copy_data.o)
 .text.libgcc.fixed
                0x0000986c        0x0 /usr/lib/gcc/avr/4.8.2/avr6/libgcc.a(_copy_data.o)
 .text.libgcc.mul
                0x0000986c        0x0 /usr/lib/gcc/avr/4.8.2/avr6/libgcc.a(_clear_bss.o)
 .text.libgcc.div
                0x0000986c        0x0 /usr/lib/gcc/avr/4.8.2/avr6/libgcc.a(_clear_bss.o)
 .text.libgcc   0x0000986c        0x0 /usr/lib/gcc/avr/4.8.2/avr6/libgcc.a(_clear_bss.o)
 .text.libgcc.prologue
                0x0000986c        0x0 /usr/lib/gcc/avr/4.8.2/avr6/libgcc.a(_clear_bss.o)
 .text.libgcc.builtins
                0x0000986c        0x0 /usr/lib/gcc/avr/4.8.2/avr6/libgcc.a(_clear_bss.o)
 .text.libgcc.fmul
                0x0000986c        0x0 /usr/lib/gcc/avr/4.8.2/avr6/libgcc.a(_clear_bss.o)
 .text.libgcc.fixed
                0x0000986c        0x0 /usr/lib/gcc/avr/4.8.2/avr6/libgcc.a(_clear_bss.o)
 .text.libgcc.mul
                0x0000986c        0x0 /usr/lib/gcc/avr/4.8.2/avr6/libgcc.a(_ashldi3.o)
 .text.libgcc.div
                0x0000986c        0x0 /usr/lib/gcc/avr/4.8.2/avr6/libgcc.a(_ashldi3.o)
 .text.libgcc   0x0000986c        0x0 /usr/lib/gcc/avr/4.8.2/avr6/libgcc.a(_ashldi3.o)
 .text.libgcc.prologue
                0x0000986c        0x0 /usr/lib/gcc/avr/4.8.2/avr6/libgcc.a(_ashldi3.o)
 .text.libgcc.builtins
                0x0000986c       0x32 /usr/lib/gcc/avr/4.8.2/avr6/libgcc.a(_ashldi3.o)
                0x0000986c                __ashldi3
 .text.libgcc.fmul
                0x0000989e        0x0 /usr/lib/gcc/avr/4.8.2/avr6/libgcc.a(_ashldi3.o)
 .text.libgcc.fixed
                0x0000989e        0x0 /usr/lib/gcc/avr/4.8.2/avr6/libgcc.a(_ashldi3.o)
 .text.libgcc.mul
                0x0000989e        0x0 /usr/lib/gcc/avr/4.8.2/avr6/libgcc.a(_adddi3.o)
 .text.libgcc.div
                0x0000989e        0x0 /usr/lib/gcc/avr/4.8.2/avr6/libgcc.a(_adddi3.o)
 .text.libgcc   0x0000989e       0x12 /usr/lib/gcc/avr/4.8.2/avr6/libgcc.a(_adddi3.o)
                0x0000989e                __adddi3
 .text.libgcc.prologue
                0x000098b0        0x0 /usr/lib/gcc/avr/4.8.2/avr6/libgcc.a(_adddi3.o)
 .text.libgcc.builtins
                0x000098b0        0x0 /usr/lib/gcc/avr/4.8.2/avr6/libgcc.a(_adddi3.o)
 .text.libgcc.fmul
                0x000098b0        0x0 /usr/lib/gcc/avr/4.8.2/avr6/libgcc.a(_adddi3.o)
 .text.libgcc.fixed
                0x000098b0        0x0 /usr/lib/gcc/avr/4.8.2/avr6/libgcc.a(_adddi3.o)
 .text.libgcc.mul
                0x000098b0        0x0 /usr/lib/gcc/avr/4.8.2/avr6/libgcc.a(_subdi3.o)
 .text.libgcc.div
                0x000098b0        0x0 /usr/lib/gcc/avr/4.8.2/avr6/libgcc.a(_subdi3.o)
 .text.libgcc   0x000098b0       0x12 /usr/lib/gcc/avr/4.8.2/avr6/libgcc.a(_subdi3.o)
                0x000098b0                __subdi3
 .text.libgcc.prologue
                0x000098c2        0x0 /usr/lib/gcc/avr/4.8.2/avr6/libgcc.a(_subdi3.o)
 .text.libgcc.builtins
                0x000098c2        0x0 /usr/lib/gcc/avr/4.8.2/avr6/libgcc.a(_subdi3.o)
 .text.libgcc.fmul
                0x000098c2        0x0 /usr/lib/gcc/avr/4.8.2/avr6/libgcc.a(_subdi3.o)
 .text.libgcc.fixed
                0x000098c2        0x0 /usr/lib/gcc/avr/4.8.2/avr6/libgcc.a(_subdi3.o)
 .text.libgcc.mul
                0x000098c2        0x0 /usr/lib/gcc/avr/4.8.2/avr6/libgcc.a(_cmpdi2_s8.o)
 .text.libgcc.div
                0x000098c2        0x0 /usr/lib/gcc/avr/4.8.2/avr6/libgcc.a(_cmpdi2_s8.o)
 .text.libgcc   0x000098c2       0x18 /usr/lib/gcc/avr/4.8.2/avr6/libgcc.a(_cmpdi2_s8.o)
                0x000098c2                __cmpdi2_s8
 .text.libgcc.prologue
                0x000098da        0x0 /usr/lib/gcc/avr/4.8.2/avr6/libgcc.a(_cmpdi2_s8.o)
 .text.libgcc.builtins
                0x000098da        0x0 /usr/lib/gcc/avr/4.8.2/avr6/libgcc.a(_cmpdi2_s8.o)
 .text.libgcc.fmul
                0x000098da        0x0 /usr/lib/gcc/avr/4.8.2/avr6/libgcc.a(_cmpdi2_s8.o)
 .text.libgcc.fixed
                0x000098da        0x0 /usr/lib/gcc/avr/4.8.2/avr6/libgcc.a(_cmpdi2_s8.o)
 .text.libgcc.mul
                0x000098da        0x0 /usr/lib/gcc/avr/4.8.2/avr6/libgcc.a(_udivmodhi4.o)
 .text.libgcc.div
                0x000098da       0x28 /usr/lib/gcc/avr/4.8.2/avr6/libgcc.a(_udivmodhi4.o)
                0x000098da                __udivmodhi4
 .text.libgcc   0x00009902        0x0 /usr/lib/gcc/avr/4.8.2/avr6/libgcc.a(_udivmodhi4.o)
 .text.libgcc.prologue
                0x00009902        0x0 /usr/lib/gcc/avr/4.8.2/avr6/libgcc.a(_udivmodhi4.o)
 .text.libgcc.builtins
                0x00009902        0x0 /usr/lib/gcc/avr/4.8.2/avr6/libgcc.a(_udivmodhi4.o)
 .text.libgcc.fmul
                0x00009902        0x0 /usr/lib/gcc/avr/4.8.2/avr6/libgcc.a(_udivmodhi4.o)
 .text.libgcc.fixed
                0x00009902        0x0 /usr/lib/gcc/avr/4.8.2/avr6/libgcc.a(_udivmodhi4.o)
 .text.avr-libc.fplib
                0x00009902        0xa /usr/lib/gcc/avr/4.8.2/../../../avr/lib/avr6/libm.a(addsf3.o)
                0x00009902                __subsf3
                0x00009904                __addsf3
 .text.avr-libc.fplib
                0x0000990c       0xc0 /usr/lib/gcc/avr/4.8.2/../../../avr/lib/avr6/libm.a(addsf3x.o)
                0x00009926                __addsf3x
 .text.avr-libc.fplib
                0x000099cc        0x8 /usr/lib/gcc/avr/4.8.2/../../../avr/lib/avr6/libm.a(cmpsf2.o)
                0x000099cc                __lesf2
                0x000099cc                __nesf2
                0x000099cc                __eqsf2
                0x000099cc                __cmpsf2
                0x000099cc                __ltsf2
 .text.avr-libc.fplib
                0x000099d4        0x4 /usr/lib/gcc/avr/4.8.2/../../../avr/lib/avr6/libm.a(divsf3.o)
                0x000099d4                __divsf3
 .text.avr-libc.fplib
                0x000099d8       0xcc /usr/lib/gcc/avr/4.8.2/../../../avr/lib/avr6/libm.a(divsf3x.o)
                0x000099ee                __divsf3x
                0x000099f2                __divsf3_pse
 .text.avr-libc.fplib
                0x00009aa4       0x58 /usr/lib/gcc/avr/4.8.2/../../../avr/lib/avr6/libm.a(fixunssfsi.o)
                0x00009aa4                __fixunssfsi
 .text.avr-libc.fplib
                0x00009afc       0x7a /usr/lib/gcc/avr/4.8.2/../../../avr/lib/avr6/libm.a(floatsisf.o)
                0x00009afc                __floatunsisf
                0x00009b00                __floatsisf
 .text.avr-libc.fplib
                0x00009b76       0x48 /usr/lib/gcc/avr/4.8.2/../../../avr/lib/avr6/libm.a(fp_cmp.o)
                0x00009b76                __fp_cmp
 .text.avr-libc.fplib
                0x00009bbe        0xc /usr/lib/gcc/avr/4.8.2/../../../avr/lib/avr6/libm.a(fp_inf.o)
                0x00009bbe                __fp_inf
 .text.avr-libc.fplib
                0x00009bca        0x6 /usr/lib/gcc/avr/4.8.2/../../../avr/lib/avr6/libm.a(fp_nan.o)
                0x00009bca                __fp_nan
 .text.avr-libc.fplib
                0x00009bd0        0xe /usr/lib/gcc/avr/4.8.2/../../../avr/lib/avr6/libm.a(fp_pscA.o)
                0x00009bd0                __fp_pscA
 .text.avr-libc.fplib
                0x00009bde        0xe /usr/lib/gcc/avr/4.8.2/../../../avr/lib/avr6/libm.a(fp_pscB.o)
                0x00009bde                __fp_pscB
 .text.avr-libc.fplib
                0x00009bec       0x22 /usr/lib/gcc/avr/4.8.2/../../../avr/lib/avr6/libm.a(fp_round.o)
                0x00009bec                __fp_round
 .text.avr-libc.fplib
                0x00009c0e       0x44 /usr/lib/gcc/avr/4.8.2/../../../avr/lib/avr6/libm.a(fp_split3.o)
                0x00009c0e                __fp_split3
                0x00009c1e                __fp_splitA
 .text.avr-libc.fplib
                0x00009c52        0xe /usr/lib/gcc/avr/4.8.2/../../../avr/lib/avr6/libm.a(fp_zero.o)
                0x00009c52                __fp_zero
                0x00009c54                __fp_szero
 .text.avr-libc.fplib
                0x00009c60        0x4 /usr/lib/gcc/avr/4.8.2/../../../avr/lib/avr6/libm.a(mulsf3.o)
                0x00009c60                __mulsf3
 .text.avr-libc.fplib
                0x00009c64       0xc2 /usr/lib/gcc/avr/4.8.2/../../../avr/lib/avr6/libm.a(mulsf3x.o)
                0x00009c78                __mulsf3x
                0x00009c7c                __mulsf3_pse
 .text.avr-libc.fplib
                0x00009d26       0x84 /usr/lib/gcc/avr/4.8.2/../../../avr/lib/avr6/libm.a(sqrt.o)
                0x00009d2e                sqrt
 .text.avr-libc.fplib
                0x00009daa       0x1c /usr/lib/gcc/avr/4.8.2/../../../avr/lib/avr6/libm.a(fp_mpack.o)
                0x00009daa                __fp_mpack
                0x00009dae                __fp_mpack_finite
 .text.avr-libc.fplib
                0x00009dc6        0xe /usr/lib/gcc/avr/4.8.2/../../../avr/lib/avr6/libm.a(fp_norm2.o)
                0x00009dc6                __fp_norm2
 .text.avr-libc
                0x00009dd4       0x96 /usr/lib/gcc/avr/4.8.2/../../../avr/lib/avr6/libc.a(fdevopen.o)
                0x00009dd4                fdevopen
 .text.avr-libc
                0x00009e6a      0x3f6 /usr/lib/gcc/avr/4.8.2/../../../avr/lib/avr6/libc.a(vfprintf_std.o)
                0x00009e6a                vfprintf
 .text.avr-libc
                0x0000a260      0x5a8 /usr/lib/gcc/avr/4.8.2/../../../avr/lib/avr6/libc.a(vfscanf_std.o)
                0x0000a59a                vfscanf
 .text.avr-libc
                0x0000a808       0x10 /usr/lib/gcc/avr/4.8.2/../../../avr/lib/avr6/libc.a(eerd_byte_atmega2561.o)
                0x0000a808                __eerd_byte_m2561
 .text.avr-libc
                0x0000a818       0x1c /usr/lib/gcc/avr/4.8.2/../../../avr/lib/avr6/libc.a(eewr_byte_atmega2561.o)
                0x0000a818                __eewr_byte_m2561
                0x0000a81a                __eewr_r18_m2561
 .text.avr-libc
                0x0000a834       0x38 /usr/lib/gcc/avr/4.8.2/../../../avr/lib/avr6/libc.a(calloc.o)
                0x0000a834                calloc
 .text.avr-libc
                0x0000a86c      0x24e /usr/lib/gcc/avr/4.8.2/../../../avr/lib/avr6/libc.a(malloc.o)
                0x0000a86c                malloc
                0x0000a99c                free
 .text.avr-libc
                0x0000aaba       0x10 /usr/lib/gcc/avr/4.8.2/../../../avr/lib/avr6/libc.a(isspace.o)
                0x0000aaba                isspace
 .text.avr-libc
                0x0000aaca       0x16 /usr/lib/gcc/avr/4.8.2/../../../avr/lib/avr6/libc.a(strchr_P.o)
                0x0000aaca                strchr_P
 .text.avr-libc
                0x0000aae0       0x16 /usr/lib/gcc/avr/4.8.2/../../../avr/lib/avr6/libc.a(strnlen_P.o)
                0x0000aae0                strnlen_P
 .text.avr-libc
                0x0000aaf6        0xe /usr/lib/gcc/avr/4.8.2/../../../avr/lib/avr6/libc.a(memset.o)
                0x0000aaf6                memset
 .text.avr-libc
                0x0000ab04       0x16 /usr/lib/gcc/avr/4.8.2/../../../avr/lib/avr6/libc.a(strnlen.o)
                0x0000ab04                strnlen
 .text.avr-libc
                0x0000ab1a       0x7c /usr/lib/gcc/avr/4.8.2/../../../avr/lib/avr6/libc.a(fgetc.o)
                0x0000ab1a                fgetc
 .text.avr-libc
                0x0000ab96       0x64 /usr/lib/gcc/avr/4.8.2/../../../avr/lib/avr6/libc.a(fputc.o)
                0x0000ab96                fputc
 .text.avr-libc
                0x0000abfa       0x32 /usr/lib/gcc/avr/4.8.2/../../../avr/lib/avr6/libc.a(ungetc.o)
                0x0000abfa                ungetc
 .text.avr-libc
                0x0000ac2c       0xbc /usr/lib/gcc/avr/4.8.2/../../../avr/lib/avr6/libc.a(ultoa_invert.o)
                0x0000ac2c                __ultoa_invert
 .text.avr-libc
                0x0000ace8        0x6 /usr/lib/gcc/avr/4.8.2/../../../avr/lib/avr6/libc.a(cty_isfalse.o)
                0x0000ace8                __ctype_isfalse
                0x0000acec                __ctype_istrue
                0x0000acee                . = ALIGN (0x2)
 *(.fini9)
 .fini9         0x0000acee        0x0 /usr/lib/gcc/avr/4.8.2/avr6/libgcc.a(_exit.o)
                0x0000acee                exit
                0x0000acee                _exit
 *(.fini9)
 *(.fini8)
 *(.fini8)
 *(.fini7)
 *(.fini7)
 *(.fini6)
 *(.fini6)
 *(.fini5)
 *(.fini5)
 *(.fini4)
 *(.fini4)
 *(.fini3)
 *(.fini3)
 *(.fini2)
 *(.fini2)
 *(.fini1)
 *(.fini1)
 *(.fini0)
 .fini0         0x0000acee        0x4 /usr/lib/gcc/avr/4.8.2/avr6/libgcc.a(_exit.o)
 *(.fini0)
                0x0000acf2                _etext = .

.data           0x00800200       0xea load address 0x0000acf2
                0x00800200                PROVIDE (__data_start, .)
 *(.data)
 .data          0x00800200        0x0 /usr/lib/gcc/avr/4.8.2/../../../avr/lib/avr6/crtm2561.o
 .data          0x00800200        0x2 vision_cm510.o
                0x00800200                state
 .data          0x00800202        0x0 ../../cm510_controller_fw/controllers/lib/libcontrollers.a(cm510.o)
 .data          0x00800202        0x0 ../../cm510_controller_fw/controllers/lib/libcontrollers.a(gpio.o)
 .data          0x00800202        0x0 ../../cm510_controller_fw/controllers/lib/libcontrollers.a(adc.o)
 .data          0x00800202        0x0 ../../cm510_controller_fw/controllers/lib/libcontrollers.a(buzzer.o)
 .data          0x00800202        0x0 ../../cm510_controller_fw/controllers/lib/libcontrollers.a(user_time.o)
 .data          0x00800202        0x0 ../../cm510_controller_fw/motion/lib/libmotion_manager.a(motion_manager.o)
 .data          0x00800202        0x0 ../../cm510_controller_fw/motion/lib/libmotion_manager.a(action.o)
 .data          0x00800202        0x0 ../../cm510_controller_fw/motion/lib/libmotion_manager.a(motion_pages.o)
 .data          0x00800202        0x0 ../../cm510_controller_fw/motion/lib/libmotion_manager.a(balance.o)
 .data          0x00800202       0x60 ../../cm510_controller_fw/motion/lib/libmotion_manager.a(mtn_library.o)
                0x00800202                mtn_pages
 .data          0x00800262        0x0 ../../cm510_controller_fw/motion/lib/libmotion_manager.a(pan_tilt.o)
 .data          0x00800262        0x0 ../../cm510_controller_fw/dyn_devices/lib/libdyn_devices.a(dyn_servos.o)
 .data          0x00800262        0x0 ../../cm510_controller_fw/dyn_devices/lib/libdyn_devices.a(exp_board.o)
 .data          0x00800262        0x0 ../../cm510_controller_fw/dyn_devices/lib/libdyn_devices.a(dyn_common.o)
 .data          0x00800262        0x0 ../../cm510_controller_fw/communications/lib/libcomm.a(dynamixel_master.o)
 .data          0x00800262        0x0 ../../cm510_controller_fw/communications/lib/libcomm.a(serial_console.o)
 .data          0x00800262       0x44 ../../cm510_controller_fw/communications/lib/libcomm.a(memory.o)
                0x00800262                eeprom_data
 .data          0x008002a6        0x0 ../../cm510_controller_fw/communications/lib/libcomm.a(dynamixel.o)
 .data          0x008002a6        0x0 /usr/lib/gcc/avr/4.8.2/avr6/libgcc.a(_umulhisi3.o)
 .data          0x008002a6        0x0 /usr/lib/gcc/avr/4.8.2/avr6/libgcc.a(_usmulhisi3.o)
 .data          0x008002a6        0x0 /usr/lib/gcc/avr/4.8.2/avr6/libgcc.a(_muluhisi3.o)
 .data          0x008002a6        0x0 /usr/lib/gcc/avr/4.8.2/avr6/libgcc.a(_divmodhi4.o)
 .data          0x008002a6        0x0 /usr/lib/gcc/avr/4.8.2/avr6/libgcc.a(_udivmodsi4.o)
 .data          0x008002a6        0x0 /usr/lib/gcc/avr/4.8.2/avr6/libgcc.a(_divmodsi4.o)
 .data          0x008002a6        0x0 /usr/lib/gcc/avr/4.8.2/avr6/libgcc.a(_divdi3.o)
 .data          0x008002a6        0x0 /usr/lib/gcc/avr/4.8.2/avr6/libgcc.a(_udivdi3.o)
 .data          0x008002a6        0x0 /usr/lib/gcc/avr/4.8.2/avr6/libgcc.a(_muldi3.o)
 .data          0x008002a6        0x0 /usr/lib/gcc/avr/4.8.2/avr6/libgcc.a(_muldi3_6.o)
 .data          0x008002a6        0x0 /usr/lib/gcc/avr/4.8.2/avr6/libgcc.a(_udivmod64.o)
 .data          0x008002a6        0x0 /usr/lib/gcc/avr/4.8.2/avr6/libgcc.a(_negsi2.o)
 .data          0x008002a6        0x0 /usr/lib/gcc/avr/4.8.2/avr6/libgcc.a(_negdi2.o)
 .data          0x008002a6        0x0 /usr/lib/gcc/avr/4.8.2/avr6/libgcc.a(_prologue.o)
 .data          0x008002a6        0x0 /usr/lib/gcc/avr/4.8.2/avr6/libgcc.a(_epilogue.o)
 .data          0x008002a6        0x0 /usr/lib/gcc/avr/4.8.2/avr6/libgcc.a(_exit.o)
 .data          0x008002a6        0x0 /usr/lib/gcc/avr/4.8.2/avr6/libgcc.a(_tablejump.o)
 .data          0x008002a6        0x0 /usr/lib/gcc/avr/4.8.2/avr6/libgcc.a(_copy_data.o)
 .data          0x008002a6        0x0 /usr/lib/gcc/avr/4.8.2/avr6/libgcc.a(_clear_bss.o)
 .data          0x008002a6        0x0 /usr/lib/gcc/avr/4.8.2/avr6/libgcc.a(_ashldi3.o)
 .data          0x008002a6        0x0 /usr/lib/gcc/avr/4.8.2/avr6/libgcc.a(_adddi3.o)
 .data          0x008002a6        0x0 /usr/lib/gcc/avr/4.8.2/avr6/libgcc.a(_subdi3.o)
 .data          0x008002a6        0x0 /usr/lib/gcc/avr/4.8.2/avr6/libgcc.a(_cmpdi2_s8.o)
 .data          0x008002a6        0x0 /usr/lib/gcc/avr/4.8.2/avr6/libgcc.a(_udivmodhi4.o)
 .data          0x008002a6        0x0 /usr/lib/gcc/avr/4.8.2/../../../avr/lib/avr6/libm.a(addsf3.o)
 .data          0x008002a6        0x0 /usr/lib/gcc/avr/4.8.2/../../../avr/lib/avr6/libm.a(addsf3x.o)
 .data          0x008002a6        0x0 /usr/lib/gcc/avr/4.8.2/../../../avr/lib/avr6/libm.a(cmpsf2.o)
 .data          0x008002a6        0x0 /usr/lib/gcc/avr/4.8.2/../../../avr/lib/avr6/libm.a(divsf3.o)
 .data          0x008002a6        0x0 /usr/lib/gcc/avr/4.8.2/../../../avr/lib/avr6/libm.a(divsf3x.o)
 .data          0x008002a6        0x0 /usr/lib/gcc/avr/4.8.2/../../../avr/lib/avr6/libm.a(fixunssfsi.o)
 .data          0x008002a6        0x0 /usr/lib/gcc/avr/4.8.2/../../../avr/lib/avr6/libm.a(floatsisf.o)
 .data          0x008002a6        0x0 /usr/lib/gcc/avr/4.8.2/../../../avr/lib/avr6/libm.a(fp_cmp.o)
 .data          0x008002a6        0x0 /usr/lib/gcc/avr/4.8.2/../../../avr/lib/avr6/libm.a(fp_inf.o)
 .data          0x008002a6        0x0 /usr/lib/gcc/avr/4.8.2/../../../avr/lib/avr6/libm.a(fp_nan.o)
 .data          0x008002a6        0x0 /usr/lib/gcc/avr/4.8.2/../../../avr/lib/avr6/libm.a(fp_pscA.o)
 .data          0x008002a6        0x0 /usr/lib/gcc/avr/4.8.2/../../../avr/lib/avr6/libm.a(fp_pscB.o)
 .data          0x008002a6        0x0 /usr/lib/gcc/avr/4.8.2/../../../avr/lib/avr6/libm.a(fp_round.o)
 .data          0x008002a6        0x0 /usr/lib/gcc/avr/4.8.2/../../../avr/lib/avr6/libm.a(fp_split3.o)
 .data          0x008002a6        0x0 /usr/lib/gcc/avr/4.8.2/../../../avr/lib/avr6/libm.a(fp_zero.o)
 .data          0x008002a6        0x0 /usr/lib/gcc/avr/4.8.2/../../../avr/lib/avr6/libm.a(mulsf3.o)
 .data          0x008002a6        0x0 /usr/lib/gcc/avr/4.8.2/../../../avr/lib/avr6/libm.a(mulsf3x.o)
 .data          0x008002a6        0x0 /usr/lib/gcc/avr/4.8.2/../../../avr/lib/avr6/libm.a(sqrt.o)
 .data          0x008002a6        0x0 /usr/lib/gcc/avr/4.8.2/../../../avr/lib/avr6/libm.a(fp_mpack.o)
 .data          0x008002a6        0x0 /usr/lib/gcc/avr/4.8.2/../../../avr/lib/avr6/libm.a(fp_norm2.o)
 .data          0x008002a6        0x0 /usr/lib/gcc/avr/4.8.2/../../../avr/lib/avr6/libc.a(fdevopen.o)
 .data          0x008002a6        0x0 /usr/lib/gcc/avr/4.8.2/../../../avr/lib/avr6/libc.a(iob.o)
 .data          0x008002a6        0x0 /usr/lib/gcc/avr/4.8.2/../../../avr/lib/avr6/libc.a(vfprintf_std.o)
 .data          0x008002a6        0x0 /usr/lib/gcc/avr/4.8.2/../../../avr/lib/avr6/libc.a(vfscanf_std.o)
 .data          0x008002a6        0x0 /usr/lib/gcc/avr/4.8.2/../../../avr/lib/avr6/libc.a(eerd_byte_atmega2561.o)
 .data          0x008002a6        0x0 /usr/lib/gcc/avr/4.8.2/../../../avr/lib/avr6/libc.a(eewr_byte_atmega2561.o)
 .data          0x008002a6        0x0 /usr/lib/gcc/avr/4.8.2/../../../avr/lib/avr6/libc.a(calloc.o)
 .data          0x008002a6        0x6 /usr/lib/gcc/avr/4.8.2/../../../avr/lib/avr6/libc.a(malloc.o)
                0x008002a6                __malloc_heap_end
                0x008002a8                __malloc_heap_start
                0x008002aa                __malloc_margin
 .data          0x008002ac        0x0 /usr/lib/gcc/avr/4.8.2/../../../avr/lib/avr6/libc.a(isspace.o)
 .data          0x008002ac        0x0 /usr/lib/gcc/avr/4.8.2/../../../avr/lib/avr6/libc.a(strchr_P.o)
 .data          0x008002ac        0x0 /usr/lib/gcc/avr/4.8.2/../../../avr/lib/avr6/libc.a(strnlen_P.o)
 .data          0x008002ac        0x0 /usr/lib/gcc/avr/4.8.2/../../../avr/lib/avr6/libc.a(memset.o)
 .data          0x008002ac        0x0 /usr/lib/gcc/avr/4.8.2/../../../avr/lib/avr6/libc.a(strnlen.o)
 .data          0x008002ac        0x0 /usr/lib/gcc/avr/4.8.2/../../../avr/lib/avr6/libc.a(fgetc.o)
 .data          0x008002ac        0x0 /usr/lib/gcc/avr/4.8.2/../../../avr/lib/avr6/libc.a(fputc.o)
 .data          0x008002ac        0x0 /usr/lib/gcc/avr/4.8.2/../../../avr/lib/avr6/libc.a(ungetc.o)
 .data          0x008002ac        0x0 /usr/lib/gcc/avr/4.8.2/../../../avr/lib/avr6/libc.a(ultoa_invert.o)
 .data          0x008002ac        0x0 /usr/lib/gcc/avr/4.8.2/../../../avr/lib/avr6/libc.a(cty_isfalse.o)
 *(.data*)
 *(.rodata)
 .rodata        0x008002ac        0xe ../../cm510_controller_fw/controllers/lib/libcontrollers.a(adc.o)
 *(.rodata*)
 .rodata.str1.1
                0x008002ba       0x2f vision_cm510.o
 *(.gnu.linkonce.d*)
                0x008002ea                . = ALIGN (0x2)
 *fill*         0x008002e9        0x1 
                0x008002ea                _edata = .
                0x008002ea                PROVIDE (__data_end, .)

.bss            0x008002ea      0xe85
                0x008002ea                PROVIDE (__bss_start, .)
 *(.bss)
 .bss           0x008002ea        0x0 /usr/lib/gcc/avr/4.8.2/../../../avr/lib/avr6/crtm2561.o
 .bss           0x008002ea        0x5 vision_cm510.o
 .bss           0x008002ef        0x0 ../../cm510_controller_fw/controllers/lib/libcontrollers.a(cm510.o)
 .bss           0x008002ef        0x0 ../../cm510_controller_fw/controllers/lib/libcontrollers.a(gpio.o)
 .bss           0x008002ef        0x0 ../../cm510_controller_fw/controllers/lib/libcontrollers.a(adc.o)
 .bss           0x008002ef        0x5 ../../cm510_controller_fw/controllers/lib/libcontrollers.a(buzzer.o)
 .bss           0x008002f4        0x2 ../../cm510_controller_fw/controllers/lib/libcontrollers.a(user_time.o)
 .bss           0x008002f6        0x0 ../../cm510_controller_fw/motion/lib/libmotion_manager.a(motion_manager.o)
 .bss           0x008002f6        0x0 ../../cm510_controller_fw/motion/lib/libmotion_manager.a(action.o)
 .bss           0x008002f6        0x0 ../../cm510_controller_fw/motion/lib/libmotion_manager.a(motion_pages.o)
 .bss           0x008002f6        0x0 ../../cm510_controller_fw/motion/lib/libmotion_manager.a(balance.o)
 .bss           0x008002f6        0xf ../../cm510_controller_fw/motion/lib/libmotion_manager.a(mtn_library.o)
 .bss           0x00800305        0x0 ../../cm510_controller_fw/motion/lib/libmotion_manager.a(pan_tilt.o)
 .bss           0x00800305        0x0 ../../cm510_controller_fw/dyn_devices/lib/libdyn_devices.a(dyn_servos.o)
 .bss           0x00800305        0x0 ../../cm510_controller_fw/dyn_devices/lib/libdyn_devices.a(exp_board.o)
 .bss           0x00800305        0x0 ../../cm510_controller_fw/dyn_devices/lib/libdyn_devices.a(dyn_common.o)
 .bss           0x00800305        0x2 ../../cm510_controller_fw/communications/lib/libcomm.a(dynamixel_master.o)
                0x00800305                dyn_master_initialized
 .bss           0x00800307        0x2 ../../cm510_controller_fw/communications/lib/libcomm.a(serial_console.o)
 .bss           0x00800309        0x0 ../../cm510_controller_fw/communications/lib/libcomm.a(memory.o)
 .bss           0x00800309        0x0 ../../cm510_controller_fw/communications/lib/libcomm.a(dynamixel.o)
 .bss           0x00800309        0x0 /usr/lib/gcc/avr/4.8.2/avr6/libgcc.a(_umulhisi3.o)
 .bss           0x00800309        0x0 /usr/lib/gcc/avr/4.8.2/avr6/libgcc.a(_usmulhisi3.o)
 .bss           0x00800309        0x0 /usr/lib/gcc/avr/4.8.2/avr6/libgcc.a(_muluhisi3.o)
 .bss           0x00800309        0x0 /usr/lib/gcc/avr/4.8.2/avr6/libgcc.a(_divmodhi4.o)
 .bss           0x00800309        0x0 /usr/lib/gcc/avr/4.8.2/avr6/libgcc.a(_udivmodsi4.o)
 .bss           0x00800309        0x0 /usr/lib/gcc/avr/4.8.2/avr6/libgcc.a(_divmodsi4.o)
 .bss           0x00800309        0x0 /usr/lib/gcc/avr/4.8.2/avr6/libgcc.a(_divdi3.o)
 .bss           0x00800309        0x0 /usr/lib/gcc/avr/4.8.2/avr6/libgcc.a(_udivdi3.o)
 .bss           0x00800309        0x0 /usr/lib/gcc/avr/4.8.2/avr6/libgcc.a(_muldi3.o)
 .bss           0x00800309        0x0 /usr/lib/gcc/avr/4.8.2/avr6/libgcc.a(_muldi3_6.o)
 .bss           0x00800309        0x0 /usr/lib/gcc/avr/4.8.2/avr6/libgcc.a(_udivmod64.o)
 .bss           0x00800309        0x0 /usr/lib/gcc/avr/4.8.2/avr6/libgcc.a(_negsi2.o)
 .bss           0x00800309        0x0 /usr/lib/gcc/avr/4.8.2/avr6/libgcc.a(_negdi2.o)
 .bss           0x00800309        0x0 /usr/lib/gcc/avr/4.8.2/avr6/libgcc.a(_prologue.o)
 .bss           0x00800309        0x0 /usr/lib/gcc/avr/4.8.2/avr6/libgcc.a(_epilogue.o)
 .bss           0x00800309        0x0 /usr/lib/gcc/avr/4.8.2/avr6/libgcc.a(_exit.o)
 .bss           0x00800309        0x0 /usr/lib/gcc/avr/4.8.2/avr6/libgcc.a(_tablejump.o)
 .bss           0x00800309        0x0 /usr/lib/gcc/avr/4.8.2/avr6/libgcc.a(_copy_data.o)
 .bss           0x00800309        0x0 /usr/lib/gcc/avr/4.8.2/avr6/libgcc.a(_clear_bss.o)
 .bss           0x00800309        0x0 /usr/lib/gcc/avr/4.8.2/avr6/libgcc.a(_ashldi3.o)
 .bss           0x00800309        0x0 /usr/lib/gcc/avr/4.8.2/avr6/libgcc.a(_adddi3.o)
 .bss           0x00800309        0x0 /usr/lib/gcc/avr/4.8.2/avr6/libgcc.a(_subdi3.o)
 .bss           0x00800309        0x0 /usr/lib/gcc/avr/4.8.2/avr6/libgcc.a(_cmpdi2_s8.o)
 .bss           0x00800309        0x0 /usr/lib/gcc/avr/4.8.2/avr6/libgcc.a(_udivmodhi4.o)
 .bss           0x00800309        0x0 /usr/lib/gcc/avr/4.8.2/../../../avr/lib/avr6/libm.a(addsf3.o)
 .bss           0x00800309        0x0 /usr/lib/gcc/avr/4.8.2/../../../avr/lib/avr6/libm.a(addsf3x.o)
 .bss           0x00800309        0x0 /usr/lib/gcc/avr/4.8.2/../../../avr/lib/avr6/libm.a(cmpsf2.o)
 .bss           0x00800309        0x0 /usr/lib/gcc/avr/4.8.2/../../../avr/lib/avr6/libm.a(divsf3.o)
 .bss           0x00800309        0x0 /usr/lib/gcc/avr/4.8.2/../../../avr/lib/avr6/libm.a(divsf3x.o)
 .bss           0x00800309        0x0 /usr/lib/gcc/avr/4.8.2/../../../avr/lib/avr6/libm.a(fixunssfsi.o)
 .bss           0x00800309        0x0 /usr/lib/gcc/avr/4.8.2/../../../avr/lib/avr6/libm.a(floatsisf.o)
 .bss           0x00800309        0x0 /usr/lib/gcc/avr/4.8.2/../../../avr/lib/avr6/libm.a(fp_cmp.o)
 .bss           0x00800309        0x0 /usr/lib/gcc/avr/4.8.2/../../../avr/lib/avr6/libm.a(fp_inf.o)
 .bss           0x00800309        0x0 /usr/lib/gcc/avr/4.8.2/../../../avr/lib/avr6/libm.a(fp_nan.o)
 .bss           0x00800309        0x0 /usr/lib/gcc/avr/4.8.2/../../../avr/lib/avr6/libm.a(fp_pscA.o)
 .bss           0x00800309        0x0 /usr/lib/gcc/avr/4.8.2/../../../avr/lib/avr6/libm.a(fp_pscB.o)
 .bss           0x00800309        0x0 /usr/lib/gcc/avr/4.8.2/../../../avr/lib/avr6/libm.a(fp_round.o)
 .bss           0x00800309        0x0 /usr/lib/gcc/avr/4.8.2/../../../avr/lib/avr6/libm.a(fp_split3.o)
 .bss           0x00800309        0x0 /usr/lib/gcc/avr/4.8.2/../../../avr/lib/avr6/libm.a(fp_zero.o)
 .bss           0x00800309        0x0 /usr/lib/gcc/avr/4.8.2/../../../avr/lib/avr6/libm.a(mulsf3.o)
 .bss           0x00800309        0x0 /usr/lib/gcc/avr/4.8.2/../../../avr/lib/avr6/libm.a(mulsf3x.o)
 .bss           0x00800309        0x0 /usr/lib/gcc/avr/4.8.2/../../../avr/lib/avr6/libm.a(sqrt.o)
 .bss           0x00800309        0x0 /usr/lib/gcc/avr/4.8.2/../../../avr/lib/avr6/libm.a(fp_mpack.o)
 .bss           0x00800309        0x0 /usr/lib/gcc/avr/4.8.2/../../../avr/lib/avr6/libm.a(fp_norm2.o)
 .bss           0x00800309        0x0 /usr/lib/gcc/avr/4.8.2/../../../avr/lib/avr6/libc.a(fdevopen.o)
 .bss           0x00800309        0x0 /usr/lib/gcc/avr/4.8.2/../../../avr/lib/avr6/libc.a(iob.o)
 .bss           0x00800309        0x0 /usr/lib/gcc/avr/4.8.2/../../../avr/lib/avr6/libc.a(vfprintf_std.o)
 .bss           0x00800309        0x0 /usr/lib/gcc/avr/4.8.2/../../../avr/lib/avr6/libc.a(vfscanf_std.o)
 .bss           0x00800309        0x0 /usr/lib/gcc/avr/4.8.2/../../../avr/lib/avr6/libc.a(eerd_byte_atmega2561.o)
 .bss           0x00800309        0x0 /usr/lib/gcc/avr/4.8.2/../../../avr/lib/avr6/libc.a(eewr_byte_atmega2561.o)
 .bss           0x00800309        0x0 /usr/lib/gcc/avr/4.8.2/../../../avr/lib/avr6/libc.a(calloc.o)
 .bss           0x00800309        0x0 /usr/lib/gcc/avr/4.8.2/../../../avr/lib/avr6/libc.a(malloc.o)
 .bss           0x00800309        0x0 /usr/lib/gcc/avr/4.8.2/../../../avr/lib/avr6/libc.a(isspace.o)
 .bss           0x00800309        0x0 /usr/lib/gcc/avr/4.8.2/../../../avr/lib/avr6/libc.a(strchr_P.o)
 .bss           0x00800309        0x0 /usr/lib/gcc/avr/4.8.2/../../../avr/lib/avr6/libc.a(strnlen_P.o)
 .bss           0x00800309        0x0 /usr/lib/gcc/avr/4.8.2/../../../avr/lib/avr6/libc.a(memset.o)
 .bss           0x00800309        0x0 /usr/lib/gcc/avr/4.8.2/../../../avr/lib/avr6/libc.a(strnlen.o)
 .bss           0x00800309        0x0 /usr/lib/gcc/avr/4.8.2/../../../avr/lib/avr6/libc.a(fgetc.o)
 .bss           0x00800309        0x0 /usr/lib/gcc/avr/4.8.2/../../../avr/lib/avr6/libc.a(fputc.o)
 .bss           0x00800309        0x0 /usr/lib/gcc/avr/4.8.2/../../../avr/lib/avr6/libc.a(ungetc.o)
 .bss           0x00800309        0x0 /usr/lib/gcc/avr/4.8.2/../../../avr/lib/avr6/libc.a(ultoa_invert.o)
 .bss           0x00800309        0x0 /usr/lib/gcc/avr/4.8.2/../../../avr/lib/avr6/libc.a(cty_isfalse.o)
 *(.bss*)
 *(COMMON)
 COMMON         0x00800309       0x13 vision_cm510.o
                0x00800309                position
                0x00800319                num
                0x0080031a                valor_base
 COMMON         0x0080031c       0x19 ../../cm510_controller_fw/controllers/lib/libcontrollers.a(gpio.o)
                0x0080031c                button_right
                0x00800321                button_left
                0x00800326                button_start
                0x0080032b                button_down
                0x00800330                button_up
 COMMON         0x00800335       0xff ../../cm510_controller_fw/controllers/lib/libcontrollers.a(adc.o)
                0x00800335                adc_voltage_alarm
                0x00800336                adc_current_sample
                0x00800337                adc_avg_values
                0x00800345                adc_ch_data
                0x00800425                adc_current_ch
                0x00800426                adc_values
 COMMON         0x00800434        0xf ../../cm510_controller_fw/controllers/lib/libcontrollers.a(buzzer.o)
                0x00800434                buzzer_playing_alarm
                0x00800435                buzzer_time_on_100ms
                0x00800437                buzzer_time_off_100ms
                0x00800439                buzzer_note
                0x0080043b                buzzer_playing
                0x0080043c                buzzer_note_freq
 COMMON         0x00800443        0x7 ../../cm510_controller_fw/controllers/lib/libcontrollers.a(user_time.o)
                0x00800443                user_time_period
                0x00800445                user_time_done
                0x00800446                user_time_time
                0x00800448                user_time_period_done
                0x00800449                user_time_single
 COMMON         0x0080044a      0x2e5 ../../cm510_controller_fw/motion/lib/libmotion_manager.a(motion_manager.o)
                0x0080044a                manager_num_servos
                0x0080044b                data
                0x008004cb                packets
                0x0080050b                present_servos
                0x0080050f                servo_ids
                0x0080052f                manager_servos
 COMMON         0x0080072f      0x65f ../../cm510_controller_fw/motion/lib/libmotion_manager.a(action.o)
                0x0080072f                ipGoalSpeed1024
                0x0080076d                ipMainSpeed1024
                0x008007ab                action_next_page
                0x008009ab                ipAccelAngle1024
                0x008009e9                bPlayRepeatCount
                0x008009ea                wUnitTimeNum
                0x008009ec                action_current_index
                0x008009ed                action_current_page
                0x00800bed                action_stop
                0x00800bee                ipMainAngle1024
                0x00800c2c                wUnitTimeCount
                0x00800c2e                step_angles
                0x00800c6c                ipMovingAngle1024
                0x00800caa                action_step_count
                0x00800cab                action_finished
                0x00800cac                wpTargetAngle1024
                0x00800cea                wPauseTime
                0x00800cec                action_is_running
                0x00800ced                action_next_index
                0x00800cee                bpFinishType
                0x00800d0d                wAccelStep
                0x00800d0f                wpStartAngle1024
                0x00800d4d                wUnitTimeTotalNum
                0x00800d4f                ipLastOutSpeed1024
                0x00800d8d                bSection
 COMMON         0x00800d8e       0x47 ../../cm510_controller_fw/motion/lib/libmotion_manager.a(balance.o)
                0x00800d8e                balance_gyro_calibrated
                0x00800d8f                balance_robot_fallen_state
                0x00800d90                balance_offsets
                0x00800dd0                balance_enabled
                0x00800dd1                balance_y_gyro_center
                0x00800dd3                balance_x_gyro_center
 COMMON         0x00800dd5        0x5 ../../cm510_controller_fw/motion/lib/libmotion_manager.a(mtn_library.o)
                0x00800dd5                step_count
                0x00800dd7                mtn_lib_start_foot
                0x00800dd8                mtn_lib_current_foot
                0x00800dd9                mtn_lib_stop
 COMMON         0x00800dda       0x1e ../../cm510_controller_fw/motion/lib/libmotion_manager.a(pan_tilt.o)
                0x00800dda                tilt_current_angle
                0x00800dde                tilt_target_speed
                0x00800de2                pan_moving
                0x00800de3                pan_target_speed
                0x00800de7                tilt_stoping
                0x00800de8                pan_servo_id
                0x00800de9                tilt_target_angle
                0x00800ded                pan_current_angle
                0x00800df1                tilt_servo_id
                0x00800df2                tilt_moving
                0x00800df3                pan_stoping
                0x00800df4                pan_target_angle
 COMMON         0x00800df8       0x5a ../../cm510_controller_fw/dyn_devices/lib/libdyn_devices.a(exp_board.o)
                0x00800df8                exp_board_dac_present
                0x00800df9                exp_board_uart_usb_present
                0x00800dfa                exp_board_pwm_present
                0x00800dfb                exp_board_uart_ttl_present
                0x00800dfc                exp_board_bno055_present
                0x00800dfd                exp_board_id
                0x00800dfe                exp_board_int_data
                0x00800e50                exp_board_present
                0x00800e51                exp_board_num_servos
 COMMON         0x00800e52      0x10d ../../cm510_controller_fw/communications/lib/libcomm.a(dynamixel_master.o)
                0x00800e52                dyn_master_rx_num_packets
                0x00800e53                dyn_master_return_level
                0x00800e54                dyn_master_rx_buffer
                0x00800ed4                dyn_master_sent_bytes
                0x00800ed5                dyn_master_sent_done
                0x00800ed6                dyn_master_packet_ready
                0x00800ed7                dyn_master_tx_buffer
                0x00800f57                dyn_master_baudrate
                0x00800f5b                dyn_master_rx_no_answer
                0x00800f5c                dyn_master_received_bytes
                0x00800f5d                dyn_master_rx_timeout_us
 COMMON         0x00800f5f      0x107 ../../cm510_controller_fw/communications/lib/libcomm.a(serial_console.o)
                0x00800f5f                serial_console_tx_num_data
                0x00800f60                serial_console_rx_num_data
                0x00800f61                serial_console_tx_buffer
                0x00800fe1                serial_console_rx_write_ptr
                0x00800fe2                serial_console_sending
                0x00800fe3                serial_console_rx_buffer
                0x00801063                serial_console_rx_read_ptr
                0x00801064                serial_console_tx_read_ptr
                0x00801065                serial_console_tx_write_ptr
 COMMON         0x00801066       0xff ../../cm510_controller_fw/communications/lib/libcomm.a(memory.o)
                0x00801066                ram_data
 COMMON         0x00801165        0x6 /usr/lib/gcc/avr/4.8.2/../../../avr/lib/avr6/libc.a(iob.o)
                0x00801165                __iob
 COMMON         0x0080116b        0x4 /usr/lib/gcc/avr/4.8.2/../../../avr/lib/avr6/libc.a(malloc.o)
                0x0080116b                __brkval
                0x0080116d                __flp
                0x0080116f                PROVIDE (__bss_end, .)
                0x0000acf2                __data_load_start = LOADADDR (.data)
                0x0000addc                __data_load_end = (__data_load_start + SIZEOF (.data))

.noinit         0x0080116f        0x0
                0x0080116f                PROVIDE (__noinit_start, .)
 *(.noinit*)
                0x0080116f                PROVIDE (__noinit_end, .)
                0x0080116f                _end = .
                0x0080116f                PROVIDE (__heap_start, .)

.eeprom         0x00810000        0x0
 *(.eeprom*)
                0x00810000                __eeprom_end = .

.fuse
 *(.fuse)
 *(.lfuse)
 *(.hfuse)
 *(.efuse)

.lock
 *(.lock*)

.signature
 *(.signature*)

.user_signatures
 *(.user_signatures*)

.stab           0x00000000     0x6864
 *(.stab)
 .stab          0x00000000      0x6e4 /usr/lib/gcc/avr/4.8.2/../../../avr/lib/avr6/crtm2561.o
 .stab          0x000006e4       0x78 /usr/lib/gcc/avr/4.8.2/../../../avr/lib/avr6/libm.a(addsf3.o)
                                 0x84 (size before relaxing)
 .stab          0x0000075c      0x4bc /usr/lib/gcc/avr/4.8.2/../../../avr/lib/avr6/libm.a(addsf3x.o)
                                0x4c8 (size before relaxing)
 .stab          0x00000c18       0x90 /usr/lib/gcc/avr/4.8.2/../../../avr/lib/avr6/libm.a(cmpsf2.o)
                                 0x9c (size before relaxing)
 .stab          0x00000ca8       0x48 /usr/lib/gcc/avr/4.8.2/../../../avr/lib/avr6/libm.a(divsf3.o)
                                 0x54 (size before relaxing)
 .stab          0x00000cf0      0x510 /usr/lib/gcc/avr/4.8.2/../../../avr/lib/avr6/libm.a(divsf3x.o)
                                0x51c (size before relaxing)
 .stab          0x00001200      0x240 /usr/lib/gcc/avr/4.8.2/../../../avr/lib/avr6/libm.a(fixunssfsi.o)
                                0x24c (size before relaxing)
 .stab          0x00001440      0x318 /usr/lib/gcc/avr/4.8.2/../../../avr/lib/avr6/libm.a(floatsisf.o)
                                0x324 (size before relaxing)
 .stab          0x00001758      0x1e0 /usr/lib/gcc/avr/4.8.2/../../../avr/lib/avr6/libm.a(fp_cmp.o)
                                0x1ec (size before relaxing)
 .stab          0x00001938       0x78 /usr/lib/gcc/avr/4.8.2/../../../avr/lib/avr6/libm.a(fp_inf.o)
                                 0x84 (size before relaxing)
 .stab          0x000019b0       0x54 /usr/lib/gcc/avr/4.8.2/../../../avr/lib/avr6/libm.a(fp_nan.o)
                                 0x60 (size before relaxing)
 .stab          0x00001a04       0x84 /usr/lib/gcc/avr/4.8.2/../../../avr/lib/avr6/libm.a(fp_pscA.o)
                                 0x90 (size before relaxing)
 .stab          0x00001a88       0x84 /usr/lib/gcc/avr/4.8.2/../../../avr/lib/avr6/libm.a(fp_pscB.o)
                                 0x90 (size before relaxing)
 .stab          0x00001b0c       0xfc /usr/lib/gcc/avr/4.8.2/../../../avr/lib/avr6/libm.a(fp_round.o)
                                0x108 (size before relaxing)
 .stab          0x00001c08      0x1d4 /usr/lib/gcc/avr/4.8.2/../../../avr/lib/avr6/libm.a(fp_split3.o)
                                0x1e0 (size before relaxing)
 .stab          0x00001ddc       0x90 /usr/lib/gcc/avr/4.8.2/../../../avr/lib/avr6/libm.a(fp_zero.o)
                                 0x9c (size before relaxing)
 .stab          0x00001e6c       0x48 /usr/lib/gcc/avr/4.8.2/../../../avr/lib/avr6/libm.a(mulsf3.o)
                                 0x54 (size before relaxing)
 .stab          0x00001eb4      0x4d4 /usr/lib/gcc/avr/4.8.2/../../../avr/lib/avr6/libm.a(mulsf3x.o)
                                0x4e0 (size before relaxing)
 .stab          0x00002388      0x354 /usr/lib/gcc/avr/4.8.2/../../../avr/lib/avr6/libm.a(sqrt.o)
                                0x360 (size before relaxing)
 .stab          0x000026dc       0xe4 /usr/lib/gcc/avr/4.8.2/../../../avr/lib/avr6/libm.a(fp_mpack.o)
                                 0xf0 (size before relaxing)
 .stab          0x000027c0       0x84 /usr/lib/gcc/avr/4.8.2/../../../avr/lib/avr6/libm.a(fp_norm2.o)
                                 0x90 (size before relaxing)
 .stab          0x00002844      0x624 /usr/lib/gcc/avr/4.8.2/../../../avr/lib/avr6/libc.a(fdevopen.o)
                                0x630 (size before relaxing)
 .stab          0x00002e68      0x2ac /usr/lib/gcc/avr/4.8.2/../../../avr/lib/avr6/libc.a(iob.o)
                                0x48c (size before relaxing)
 .stab          0x00003114      0xb58 /usr/lib/gcc/avr/4.8.2/../../../avr/lib/avr6/libc.a(vfprintf_std.o)
                                0xd80 (size before relaxing)
 .stab          0x00003c6c      0xdec /usr/lib/gcc/avr/4.8.2/../../../avr/lib/avr6/libc.a(vfscanf_std.o)
                               0x1008 (size before relaxing)
 .stab          0x00004a58       0x90 /usr/lib/gcc/avr/4.8.2/../../../avr/lib/avr6/libc.a(eerd_byte_atmega2561.o)
                                 0x9c (size before relaxing)
 .stab          0x00004ae8       0xe4 /usr/lib/gcc/avr/4.8.2/../../../avr/lib/avr6/libc.a(eewr_byte_atmega2561.o)
                                 0xf0 (size before relaxing)
 .stab          0x00004bcc      0x33c /usr/lib/gcc/avr/4.8.2/../../../avr/lib/avr6/libc.a(calloc.o)
                                0x378 (size before relaxing)
 .stab          0x00004f08      0x708 /usr/lib/gcc/avr/4.8.2/../../../avr/lib/avr6/libc.a(malloc.o)
                                0x8e8 (size before relaxing)
 .stab          0x00005610       0x9c /usr/lib/gcc/avr/4.8.2/../../../avr/lib/avr6/libc.a(isspace.o)
                                 0xa8 (size before relaxing)
 .stab          0x000056ac       0x9c /usr/lib/gcc/avr/4.8.2/../../../avr/lib/avr6/libc.a(strchr_P.o)
                                 0xa8 (size before relaxing)
 .stab          0x00005748       0x9c /usr/lib/gcc/avr/4.8.2/../../../avr/lib/avr6/libc.a(strnlen_P.o)
                                 0xa8 (size before relaxing)
 .stab          0x000057e4       0x6c /usr/lib/gcc/avr/4.8.2/../../../avr/lib/avr6/libc.a(memset.o)
                                 0x78 (size before relaxing)
 .stab          0x00005850       0x9c /usr/lib/gcc/avr/4.8.2/../../../avr/lib/avr6/libc.a(strnlen.o)
                                 0xa8 (size before relaxing)
 .stab          0x000058ec      0x3e4 /usr/lib/gcc/avr/4.8.2/../../../avr/lib/avr6/libc.a(fgetc.o)
                                0x5c4 (size before relaxing)
 .stab          0x00005cd0      0x354 /usr/lib/gcc/avr/4.8.2/../../../avr/lib/avr6/libc.a(fputc.o)
                                0x534 (size before relaxing)
 .stab          0x00006024      0x360 /usr/lib/gcc/avr/4.8.2/../../../avr/lib/avr6/libc.a(ungetc.o)
                                0x540 (size before relaxing)
 .stab          0x00006384      0x480 /usr/lib/gcc/avr/4.8.2/../../../avr/lib/avr6/libc.a(ultoa_invert.o)
                                0x48c (size before relaxing)
 .stab          0x00006804       0x60 /usr/lib/gcc/avr/4.8.2/../../../avr/lib/avr6/libc.a(cty_isfalse.o)
                                 0x6c (size before relaxing)

.stabstr        0x00000000     0x18cf
 *(.stabstr)